Component: ARM Compiler 5.06 update 7 (build 960) Tool: armlink [4d3601]

==============================================================================

Section Cross References

    main.o(.text) refers to stm32f10x_rcc.o(.text) for RCC_GetClocksFreq
    main.o(.text) refers to oled.o(.text) for OLED_Init
    main.o(.text) refers to uart.o(.text) for UART1_Init
    main.o(.text) refers to ov2640.o(.text) for OV2640_Init
    main.o(.text) refers to main.o(.bss) for jpeg_buffer
    systick.o(.text) refers to system_stm32f10x.o(.data) for SystemCoreClock
    oled.o(.text) refers to stm32f10x_rcc.o(.text) for RCC_APB2PeriphClockCmd
    oled.o(.text) refers to stm32f10x_gpio.o(.text) for GPIO_Init
    oled.o(.text) refers to swi2c.o(.text) for SWI2C_Start
    oled.o(.text) refers to stm32f10x_i2c.o(.text) for I2C_Init
    oled.o(.text) refers to oled_font.o(.data) for Font8x16
    oled.o(.text) refers to systick.o(.text) for Delay_s
    ov2640.o(.text) refers to stm32f10x_gpio.o(.text) for GPIO_ResetBits
    ov2640.o(.text) refers to systick.o(.text) for Delay_ms
    ov2640.o(.text) refers to sccb.o(.text) for SWSCCB_WriteReg
    ov2640.o(.text) refers to stm32f10x_rcc.o(.text) for RCC_APB2PeriphClockCmd
    ov2640.o(.text) refers to uart.o(.text) for UART1_Transmit
    ov2640.o(.text) refers to stm32f10x_dma.o(.text) for DMA_Init
    ov2640.o(.text) refers to stm32f10x_tim.o(.text) for TIM_TimeBaseInit
    ov2640.o(.text) refers to ov2640_cfg.o(.constdata) for atk_mc2640_init_uxga_cfg
    sccb.o(.text) refers to stm32f10x_rcc.o(.text) for RCC_APB2PeriphClockCmd
    sccb.o(.text) refers to stm32f10x_gpio.o(.text) for GPIO_Init
    sccb.o(.text) refers to systick.o(.text) for Delay_us
    uart.o(.text) refers to stm32f10x_rcc.o(.text) for RCC_APB2PeriphClockCmd
    uart.o(.text) refers to stm32f10x_gpio.o(.text) for GPIO_Init
    uart.o(.text) refers to stm32f10x_usart.o(.text) for USART_Init
    swi2c.o(.text) refers to stm32f10x_rcc.o(.text) for RCC_APB2PeriphClockCmd
    swi2c.o(.text) refers to stm32f10x_gpio.o(.text) for GPIO_Init
    swi2c.o(.text) refers to systick.o(.text) for Delay_us
    system_stm32f10x.o(.text) refers to system_stm32f10x.o(.data) for SystemCoreClock
    startup_stm32f10x_md.o(STACK) refers (Special) to heapauxi.o(.text) for __use_two_region_memory
    startup_stm32f10x_md.o(HEAP) refers (Special) to heapauxi.o(.text) for __use_two_region_memory
    startup_stm32f10x_md.o(RESET) refers (Special) to heapauxi.o(.text) for __use_two_region_memory
    startup_stm32f10x_md.o(RESET) refers to startup_stm32f10x_md.o(STACK) for __initial_sp
    startup_stm32f10x_md.o(RESET) refers to startup_stm32f10x_md.o(.text) for Reset_Handler
    startup_stm32f10x_md.o(RESET) refers to stm32f10x_it.o(.text) for NMI_Handler
    startup_stm32f10x_md.o(.text) refers (Special) to heapauxi.o(.text) for __use_two_region_memory
    startup_stm32f10x_md.o(.text) refers to system_stm32f10x.o(.text) for SystemInit
    startup_stm32f10x_md.o(.text) refers to __main.o(!!!main) for __main
    startup_stm32f10x_md.o(.text) refers to startup_stm32f10x_md.o(HEAP) for Heap_Mem
    startup_stm32f10x_md.o(.text) refers to startup_stm32f10x_md.o(STACK) for Stack_Mem
    stm32f10x_adc.o(.text) refers to stm32f10x_rcc.o(.text) for RCC_APB2PeriphResetCmd
    stm32f10x_bkp.o(.text) refers to stm32f10x_rcc.o(.text) for RCC_BackupResetCmd
    stm32f10x_can.o(.text) refers to stm32f10x_rcc.o(.text) for RCC_APB1PeriphResetCmd
    stm32f10x_cec.o(.text) refers to stm32f10x_rcc.o(.text) for RCC_APB1PeriphResetCmd
    stm32f10x_dac.o(.text) refers to stm32f10x_rcc.o(.text) for RCC_APB1PeriphResetCmd
    stm32f10x_gpio.o(.text) refers to stm32f10x_rcc.o(.text) for RCC_APB2PeriphResetCmd
    stm32f10x_i2c.o(.text) refers to stm32f10x_rcc.o(.text) for RCC_APB1PeriphResetCmd
    stm32f10x_pwr.o(.text) refers to stm32f10x_rcc.o(.text) for RCC_APB1PeriphResetCmd
    stm32f10x_rcc.o(.text) refers to stm32f10x_rcc.o(.data) for APBAHBPrescTable
    stm32f10x_spi.o(.text) refers to stm32f10x_rcc.o(.text) for RCC_APB2PeriphResetCmd
    stm32f10x_tim.o(.text) refers to stm32f10x_rcc.o(.text) for RCC_APB2PeriphResetCmd
    stm32f10x_usart.o(.text) refers to stm32f10x_rcc.o(.text) for RCC_APB2PeriphResetCmd
    stm32f10x_wwdg.o(.text) refers to stm32f10x_rcc.o(.text) for RCC_APB1PeriphResetCmd
    __main.o(!!!main) refers to __rtentry.o(.ARM.Collect$$rtentry$$00000000) for __rt_entry
    __rtentry.o(.ARM.Collect$$rtentry$$00000000) refers (Special) to __rtentry2.o(.ARM.Collect$$rtentry$$0000000A) for __rt_entry_li
    __rtentry.o(.ARM.Collect$$rtentry$$00000000) refers (Special) to __rtentry2.o(.ARM.Collect$$rtentry$$0000000D) for __rt_entry_main
    __rtentry.o(.ARM.Collect$$rtentry$$00000000) refers (Special) to __rtentry2.o(.ARM.Collect$$rtentry$$0000000C) for __rt_entry_postli_1
    __rtentry.o(.ARM.Collect$$rtentry$$00000000) refers (Special) to __rtentry2.o(.ARM.Collect$$rtentry$$00000009) for __rt_entry_postsh_1
    __rtentry.o(.ARM.Collect$$rtentry$$00000000) refers (Special) to __rtentry2.o(.ARM.Collect$$rtentry$$00000002) for __rt_entry_presh_1
    __rtentry.o(.ARM.Collect$$rtentry$$00000000) refers (Special) to __rtentry4.o(.ARM.Collect$$rtentry$$00000004) for __rt_entry_sh
    __rtentry2.o(.ARM.Collect$$rtentry$$00000008) refers to boardinit2.o(.text) for _platform_post_stackheap_init
    __rtentry2.o(.ARM.Collect$$rtentry$$0000000A) refers to libinit.o(.ARM.Collect$$libinit$$00000000) for __rt_lib_init
    __rtentry2.o(.ARM.Collect$$rtentry$$0000000B) refers to boardinit3.o(.text) for _platform_post_lib_init
    __rtentry2.o(.ARM.Collect$$rtentry$$0000000D) refers to main.o(.text) for main
    __rtentry2.o(.ARM.Collect$$rtentry$$0000000D) refers to exit.o(.text) for exit
    __rtentry2.o(.ARM.exidx) refers to __rtentry2.o(.ARM.Collect$$rtentry$$00000001) for .ARM.Collect$$rtentry$$00000001
    __rtentry2.o(.ARM.exidx) refers to __rtentry2.o(.ARM.Collect$$rtentry$$00000008) for .ARM.Collect$$rtentry$$00000008
    __rtentry2.o(.ARM.exidx) refers to __rtentry2.o(.ARM.Collect$$rtentry$$0000000A) for .ARM.Collect$$rtentry$$0000000A
    __rtentry2.o(.ARM.exidx) refers to __rtentry2.o(.ARM.Collect$$rtentry$$0000000B) for .ARM.Collect$$rtentry$$0000000B
    __rtentry2.o(.ARM.exidx) refers to __rtentry2.o(.ARM.Collect$$rtentry$$0000000D) for .ARM.Collect$$rtentry$$0000000D
    __rtentry4.o(.ARM.Collect$$rtentry$$00000004) refers to sys_stackheap_outer.o(.text) for __user_setup_stackheap
    __rtentry4.o(.ARM.exidx) refers to __rtentry4.o(.ARM.Collect$$rtentry$$00000004) for .ARM.Collect$$rtentry$$00000004
    sys_stackheap_outer.o(.text) refers to libspace.o(.text) for __user_perproc_libspace
    sys_stackheap_outer.o(.text) refers to startup_stm32f10x_md.o(.text) for __user_initial_stackheap
    exit.o(.text) refers to rtexit.o(.ARM.Collect$$rtexit$$00000000) for __rt_exit
    libinit.o(.ARM.Collect$$libinit$$00000000) refers (Special) to libinit2.o(.ARM.Collect$$libinit$$0000002E) for __rt_lib_init_alloca_1
    libinit.o(.ARM.Collect$$libinit$$00000000) refers (Special) to libinit2.o(.ARM.Collect$$libinit$$0000002C) for __rt_lib_init_argv_1
    libinit.o(.ARM.Collect$$libinit$$00000000) refers (Special) to libinit2.o(.ARM.Collect$$libinit$$0000001B) for __rt_lib_init_atexit_1
    libinit.o(.ARM.Collect$$libinit$$00000000) refers (Special) to libinit2.o(.ARM.Collect$$libinit$$00000021) for __rt_lib_init_clock_1
    libinit.o(.ARM.Collect$$libinit$$00000000) refers (Special) to libinit2.o(.ARM.Collect$$libinit$$00000032) for __rt_lib_init_cpp_1
    libinit.o(.ARM.Collect$$libinit$$00000000) refers (Special) to libinit2.o(.ARM.Collect$$libinit$$00000030) for __rt_lib_init_exceptions_1
    libinit.o(.ARM.Collect$$libinit$$00000000) refers (Special) to libinit2.o(.ARM.Collect$$libinit$$00000002) for __rt_lib_init_fp_1
    libinit.o(.ARM.Collect$$libinit$$00000000) refers (Special) to libinit2.o(.ARM.Collect$$libinit$$0000001F) for __rt_lib_init_fp_trap_1
    libinit.o(.ARM.Collect$$libinit$$00000000) refers (Special) to libinit2.o(.ARM.Collect$$libinit$$00000023) for __rt_lib_init_getenv_1
    libinit.o(.ARM.Collect$$libinit$$00000000) refers (Special) to libinit2.o(.ARM.Collect$$libinit$$0000000A) for __rt_lib_init_heap_1
    libinit.o(.ARM.Collect$$libinit$$00000000) refers (Special) to libinit2.o(.ARM.Collect$$libinit$$00000011) for __rt_lib_init_lc_collate_1
    libinit.o(.ARM.Collect$$libinit$$00000000) refers (Special) to libinit2.o(.ARM.Collect$$libinit$$00000013) for __rt_lib_init_lc_ctype_1
    libinit.o(.ARM.Collect$$libinit$$00000000) refers (Special) to libinit2.o(.ARM.Collect$$libinit$$00000015) for __rt_lib_init_lc_monetary_1
    libinit.o(.ARM.Collect$$libinit$$00000000) refers (Special) to libinit2.o(.ARM.Collect$$libinit$$00000017) for __rt_lib_init_lc_numeric_1
    libinit.o(.ARM.Collect$$libinit$$00000000) refers (Special) to libinit2.o(.ARM.Collect$$libinit$$00000019) for __rt_lib_init_lc_time_1
    libinit.o(.ARM.Collect$$libinit$$00000000) refers (Special) to libinit2.o(.ARM.Collect$$libinit$$00000004) for __rt_lib_init_preinit_1
    libinit.o(.ARM.Collect$$libinit$$00000000) refers (Special) to libinit2.o(.ARM.Collect$$libinit$$0000000E) for __rt_lib_init_rand_1
    libinit.o(.ARM.Collect$$libinit$$00000000) refers (Special) to libinit2.o(.ARM.Collect$$libinit$$00000033) for __rt_lib_init_return
    libinit.o(.ARM.Collect$$libinit$$00000000) refers (Special) to libinit2.o(.ARM.Collect$$libinit$$0000001D) for __rt_lib_init_signal_1
    libinit.o(.ARM.Collect$$libinit$$00000000) refers (Special) to libinit2.o(.ARM.Collect$$libinit$$00000025) for __rt_lib_init_stdio_1
    libinit.o(.ARM.Collect$$libinit$$00000000) refers (Special) to libinit2.o(.ARM.Collect$$libinit$$0000000C) for __rt_lib_init_user_alloc_1
    libspace.o(.text) refers to libspace.o(.bss) for __libspace_start
    rtexit.o(.ARM.Collect$$rtexit$$00000000) refers (Special) to rtexit2.o(.ARM.Collect$$rtexit$$00000004) for __rt_exit_exit
    rtexit.o(.ARM.Collect$$rtexit$$00000000) refers (Special) to rtexit2.o(.ARM.Collect$$rtexit$$00000003) for __rt_exit_ls
    rtexit.o(.ARM.Collect$$rtexit$$00000000) refers (Special) to rtexit2.o(.ARM.Collect$$rtexit$$00000002) for __rt_exit_prels_1
    rtexit.o(.ARM.exidx) refers (Special) to rtexit2.o(.ARM.Collect$$rtexit$$00000004) for __rt_exit_exit
    rtexit.o(.ARM.exidx) refers (Special) to rtexit2.o(.ARM.Collect$$rtexit$$00000003) for __rt_exit_ls
    rtexit.o(.ARM.exidx) refers (Special) to rtexit2.o(.ARM.Collect$$rtexit$$00000002) for __rt_exit_prels_1
    rtexit.o(.ARM.exidx) refers to rtexit.o(.ARM.Collect$$rtexit$$00000000) for .ARM.Collect$$rtexit$$00000000
    libinit2.o(.ARM.Collect$$libinit$$00000010) refers to libinit2.o(.ARM.Collect$$libinit$$0000000F) for .ARM.Collect$$libinit$$0000000F
    libinit2.o(.ARM.Collect$$libinit$$00000012) refers to libinit2.o(.ARM.Collect$$libinit$$0000000F) for .ARM.Collect$$libinit$$0000000F
    libinit2.o(.ARM.Collect$$libinit$$00000014) refers to libinit2.o(.ARM.Collect$$libinit$$0000000F) for .ARM.Collect$$libinit$$0000000F
    libinit2.o(.ARM.Collect$$libinit$$00000016) refers to libinit2.o(.ARM.Collect$$libinit$$0000000F) for .ARM.Collect$$libinit$$0000000F
    libinit2.o(.ARM.Collect$$libinit$$00000018) refers to libinit2.o(.ARM.Collect$$libinit$$0000000F) for .ARM.Collect$$libinit$$0000000F
    libinit2.o(.ARM.Collect$$libinit$$00000026) refers to argv_veneer.o(.emb_text) for __ARM_argv_veneer
    libinit2.o(.ARM.Collect$$libinit$$00000027) refers to argv_veneer.o(.emb_text) for __ARM_argv_veneer
    rtexit2.o(.ARM.Collect$$rtexit$$00000003) refers to libshutdown.o(.ARM.Collect$$libshutdown$$00000000) for __rt_lib_shutdown
    rtexit2.o(.ARM.Collect$$rtexit$$00000004) refers to sys_exit.o(.text) for _sys_exit
    rtexit2.o(.ARM.exidx) refers to rtexit2.o(.ARM.Collect$$rtexit$$00000001) for .ARM.Collect$$rtexit$$00000001
    rtexit2.o(.ARM.exidx) refers to rtexit2.o(.ARM.Collect$$rtexit$$00000003) for .ARM.Collect$$rtexit$$00000003
    rtexit2.o(.ARM.exidx) refers to rtexit2.o(.ARM.Collect$$rtexit$$00000004) for .ARM.Collect$$rtexit$$00000004
    argv_veneer.o(.emb_text) refers to no_argv.o(.text) for __ARM_get_argv
    sys_exit.o(.text) refers (Special) to use_no_semi.o(.text) for __I$use$semihosting
    sys_exit.o(.text) refers (Special) to indicate_semi.o(.text) for __semihosting_library_function
    _get_argv_nomalloc.o(.text) refers (Special) to hrguard.o(.text) for __heap_region$guard
    _get_argv_nomalloc.o(.text) refers to defsig_rtmem_outer.o(.text) for __rt_SIGRTMEM
    _get_argv_nomalloc.o(.text) refers to sys_command.o(.text) for _sys_command_string
    libshutdown.o(.ARM.Collect$$libshutdown$$00000000) refers (Special) to libshutdown2.o(.ARM.Collect$$libshutdown$$00000004) for __rt_lib_shutdown_cpp_1
    libshutdown.o(.ARM.Collect$$libshutdown$$00000000) refers (Special) to libshutdown2.o(.ARM.Collect$$libshutdown$$00000002) for __rt_lib_shutdown_fini_1
    libshutdown.o(.ARM.Collect$$libshutdown$$00000000) refers (Special) to libshutdown2.o(.ARM.Collect$$libshutdown$$00000009) for __rt_lib_shutdown_fp_trap_1
    libshutdown.o(.ARM.Collect$$libshutdown$$00000000) refers (Special) to libshutdown2.o(.ARM.Collect$$libshutdown$$00000011) for __rt_lib_shutdown_heap_1
    libshutdown.o(.ARM.Collect$$libshutdown$$00000000) refers (Special) to libshutdown2.o(.ARM.Collect$$libshutdown$$00000012) for __rt_lib_shutdown_return
    libshutdown.o(.ARM.Collect$$libshutdown$$00000000) refers (Special) to libshutdown2.o(.ARM.Collect$$libshutdown$$0000000C) for __rt_lib_shutdown_signal_1
    libshutdown.o(.ARM.Collect$$libshutdown$$00000000) refers (Special) to libshutdown2.o(.ARM.Collect$$libshutdown$$00000006) for __rt_lib_shutdown_stdio_1
    libshutdown.o(.ARM.Collect$$libshutdown$$00000000) refers (Special) to libshutdown2.o(.ARM.Collect$$libshutdown$$0000000E) for __rt_lib_shutdown_user_alloc_1
    sys_command.o(.text) refers (Special) to use_no_semi.o(.text) for __I$use$semihosting
    sys_command.o(.text) refers (Special) to indicate_semi.o(.text) for __semihosting_library_function
    defsig_rtmem_outer.o(.text) refers to defsig_rtmem_inner.o(.text) for __rt_SIGRTMEM_inner
    defsig_rtmem_outer.o(.text) refers to defsig_exit.o(.text) for __sig_exit
    defsig_rtmem_formal.o(.text) refers to rt_raise.o(.text) for __rt_raise
    rt_raise.o(.text) refers to __raise.o(.text) for __raise
    rt_raise.o(.text) refers to sys_exit.o(.text) for _sys_exit
    defsig_exit.o(.text) refers to sys_exit.o(.text) for _sys_exit
    defsig_rtmem_inner.o(.text) refers to defsig_general.o(.text) for __default_signal_display
    __raise.o(.text) refers to defsig.o(CL$$defsig) for __default_signal_handler
    defsig_general.o(.text) refers to sys_wrch.o(.text) for _ttywrch
    sys_wrch.o(.text) refers (Special) to use_no_semi.o(.text) for __I$use$semihosting
    sys_wrch.o(.text) refers (Special) to indicate_semi.o(.text) for __semihosting_library_function
    defsig.o(CL$$defsig) refers to defsig_rtmem_inner.o(.text) for __rt_SIGRTMEM_inner
    defsig_abrt_inner.o(.text) refers to defsig_general.o(.text) for __default_signal_display
    defsig_fpe_inner.o(.text) refers to defsig_general.o(.text) for __default_signal_display
    defsig_rtred_inner.o(.text) refers to defsig_general.o(.text) for __default_signal_display
    defsig_stak_inner.o(.text) refers to defsig_general.o(.text) for __default_signal_display
    defsig_pvfn_inner.o(.text) refers to defsig_general.o(.text) for __default_signal_display
    defsig_cppl_inner.o(.text) refers to defsig_general.o(.text) for __default_signal_display
    defsig_segv_inner.o(.text) refers to defsig_general.o(.text) for __default_signal_display
    defsig_other.o(.text) refers to defsig_general.o(.text) for __default_signal_display


==============================================================================

Removing Unused input sections from the image.

    Removing core_cm3.o(.emb_text), (32 bytes).
    Removing misc.o(.text), (220 bytes).
    Removing stm32f10x_adc.o(.text), (1102 bytes).
    Removing stm32f10x_bkp.o(.text), (196 bytes).
    Removing stm32f10x_can.o(.text), (2544 bytes).
    Removing stm32f10x_cec.o(.text), (288 bytes).
    Removing stm32f10x_crc.o(.text), (72 bytes).
    Removing stm32f10x_dac.o(.text), (396 bytes).
    Removing stm32f10x_dbgmcu.o(.text), (48 bytes).
    Removing stm32f10x_exti.o(.text), (284 bytes).
    Removing stm32f10x_flash.o(.text), (1468 bytes).
    Removing stm32f10x_fsmc.o(.text), (1548 bytes).
    Removing stm32f10x_iwdg.o(.text), (64 bytes).
    Removing stm32f10x_pwr.o(.text), (192 bytes).
    Removing stm32f10x_rtc.o(.text), (352 bytes).
    Removing stm32f10x_sdio.o(.text), (452 bytes).
    Removing stm32f10x_spi.o(.text), (780 bytes).
    Removing stm32f10x_wwdg.o(.text), (136 bytes).

18 unused section(s) (total 10174 bytes) removed from the image.

==============================================================================

Image Symbol Table

    Local Symbols

    Symbol Name                              Value     Ov Type        Size  Object(Section)

    ../clib/angel/boardlib.s                 0x00000000   Number         0  boardshut.o ABSOLUTE
    ../clib/angel/boardlib.s                 0x00000000   Number         0  boardinit1.o ABSOLUTE
    ../clib/angel/boardlib.s                 0x00000000   Number         0  boardinit2.o ABSOLUTE
    ../clib/angel/boardlib.s                 0x00000000   Number         0  boardinit3.o ABSOLUTE
    ../clib/angel/dczerorl2.s                0x00000000   Number         0  __dczerorl2.o ABSOLUTE
    ../clib/angel/handlers.s                 0x00000000   Number         0  __scatter_zi.o ABSOLUTE
    ../clib/angel/kernel.s                   0x00000000   Number         0  __rtentry2.o ABSOLUTE
    ../clib/angel/kernel.s                   0x00000000   Number         0  __rtentry.o ABSOLUTE
    ../clib/angel/kernel.s                   0x00000000   Number         0  rtexit2.o ABSOLUTE
    ../clib/angel/kernel.s                   0x00000000   Number         0  rtexit.o ABSOLUTE
    ../clib/angel/kernel.s                   0x00000000   Number         0  __rtentry4.o ABSOLUTE
    ../clib/angel/rt.s                       0x00000000   Number         0  rt_raise.o ABSOLUTE
    ../clib/angel/scatter.s                  0x00000000   Number         0  __scatter.o ABSOLUTE
    ../clib/angel/startup.s                  0x00000000   Number         0  __main.o ABSOLUTE
    ../clib/angel/sys.s                      0x00000000   Number         0  use_no_semi.o ABSOLUTE
    ../clib/angel/sys.s                      0x00000000   Number         0  indicate_semi.o ABSOLUTE
    ../clib/angel/sys.s                      0x00000000   Number         0  sys_stackheap_outer.o ABSOLUTE
    ../clib/angel/sys.s                      0x00000000   Number         0  libspace.o ABSOLUTE
    ../clib/angel/sysapp.c                   0x00000000   Number         0  sys_exit.o ABSOLUTE
    ../clib/angel/sysapp.c                   0x00000000   Number         0  sys_command.o ABSOLUTE
    ../clib/angel/sysapp.c                   0x00000000   Number         0  sys_wrch.o ABSOLUTE
    ../clib/armsys.c                         0x00000000   Number         0  argv_veneer.o ABSOLUTE
    ../clib/armsys.c                         0x00000000   Number         0  _get_argv_nomalloc.o ABSOLUTE
    ../clib/armsys.c                         0x00000000   Number         0  no_argv.o ABSOLUTE
    ../clib/armsys.c                         0x00000000   Number         0  argv_veneer.o ABSOLUTE
    ../clib/heapalloc.c                      0x00000000   Number         0  hrguard.o ABSOLUTE
    ../clib/heapaux.c                        0x00000000   Number         0  heapauxi.o ABSOLUTE
    ../clib/libinit.s                        0x00000000   Number         0  libinit.o ABSOLUTE
    ../clib/libinit.s                        0x00000000   Number         0  libshutdown2.o ABSOLUTE
    ../clib/libinit.s                        0x00000000   Number         0  libshutdown.o ABSOLUTE
    ../clib/libinit.s                        0x00000000   Number         0  libinit2.o ABSOLUTE
    ../clib/signal.c                         0x00000000   Number         0  defsig_cppl_inner.o ABSOLUTE
    ../clib/signal.c                         0x00000000   Number         0  defsig_rtmem_inner.o ABSOLUTE
    ../clib/signal.c                         0x00000000   Number         0  __raise.o ABSOLUTE
    ../clib/signal.c                         0x00000000   Number         0  defsig_other.o ABSOLUTE
    ../clib/signal.c                         0x00000000   Number         0  defsig_abrt_inner.o ABSOLUTE
    ../clib/signal.c                         0x00000000   Number         0  defsig_segv_inner.o ABSOLUTE
    ../clib/signal.c                         0x00000000   Number         0  defsig_general.o ABSOLUTE
    ../clib/signal.c                         0x00000000   Number         0  defsig_fpe_inner.o ABSOLUTE
    ../clib/signal.c                         0x00000000   Number         0  defsig_rtmem_outer.o ABSOLUTE
    ../clib/signal.c                         0x00000000   Number         0  defsig_pvfn_inner.o ABSOLUTE
    ../clib/signal.c                         0x00000000   Number         0  defsig_stak_inner.o ABSOLUTE
    ../clib/signal.c                         0x00000000   Number         0  defsig_rtmem_formal.o ABSOLUTE
    ../clib/signal.c                         0x00000000   Number         0  defsig_rtred_inner.o ABSOLUTE
    ../clib/signal.c                         0x00000000   Number         0  defsig_exit.o ABSOLUTE
    ../clib/signal.s                         0x00000000   Number         0  defsig.o ABSOLUTE
    ../clib/stdlib.c                         0x00000000   Number         0  exit.o ABSOLUTE
    ../fplib/fpinit.s                        0x00000000   Number         0  fpinit.o ABSOLUTE
    Src\CMSIS\Core\core_cm3.c                0x00000000   Number         0  core_cm3.o ABSOLUTE
    Src\CMSIS\Device\startup_stm32f10x_md.s  0x00000000   Number         0  startup_stm32f10x_md.o ABSOLUTE
    Src\CMSIS\Device\system_stm32f10x.c      0x00000000   Number         0  system_stm32f10x.o ABSOLUTE
    Src\Core\main.c                          0x00000000   Number         0  main.o ABSOLUTE
    Src\Core\stm32f10x_it.c                  0x00000000   Number         0  stm32f10x_it.o ABSOLUTE
    Src\Module\oled.c                        0x00000000   Number         0  oled.o ABSOLUTE
    Src\Module\oled_font.c                   0x00000000   Number         0  oled_font.o ABSOLUTE
    Src\Module\ov2640.c                      0x00000000   Number         0  ov2640.o ABSOLUTE
    Src\Module\ov2640_cfg.c                  0x00000000   Number         0  ov2640_cfg.o ABSOLUTE
    Src\Peripheral\sccb.c                    0x00000000   Number         0  sccb.o ABSOLUTE
    Src\Peripheral\swi2c.c                   0x00000000   Number         0  swi2c.o ABSOLUTE
    Src\Peripheral\uart.c                    0x00000000   Number         0  uart.o ABSOLUTE
    Src\SPL\src\misc.c                       0x00000000   Number         0  misc.o ABSOLUTE
    Src\SPL\src\stm32f10x_adc.c              0x00000000   Number         0  stm32f10x_adc.o ABSOLUTE
    Src\SPL\src\stm32f10x_bkp.c              0x00000000   Number         0  stm32f10x_bkp.o ABSOLUTE
    Src\SPL\src\stm32f10x_can.c              0x00000000   Number         0  stm32f10x_can.o ABSOLUTE
    Src\SPL\src\stm32f10x_cec.c              0x00000000   Number         0  stm32f10x_cec.o ABSOLUTE
    Src\SPL\src\stm32f10x_crc.c              0x00000000   Number         0  stm32f10x_crc.o ABSOLUTE
    Src\SPL\src\stm32f10x_dac.c              0x00000000   Number         0  stm32f10x_dac.o ABSOLUTE
    Src\SPL\src\stm32f10x_dbgmcu.c           0x00000000   Number         0  stm32f10x_dbgmcu.o ABSOLUTE
    Src\SPL\src\stm32f10x_dma.c              0x00000000   Number         0  stm32f10x_dma.o ABSOLUTE
    Src\SPL\src\stm32f10x_exti.c             0x00000000   Number         0  stm32f10x_exti.o ABSOLUTE
    Src\SPL\src\stm32f10x_flash.c            0x00000000   Number         0  stm32f10x_flash.o ABSOLUTE
    Src\SPL\src\stm32f10x_fsmc.c             0x00000000   Number         0  stm32f10x_fsmc.o ABSOLUTE
    Src\SPL\src\stm32f10x_gpio.c             0x00000000   Number         0  stm32f10x_gpio.o ABSOLUTE
    Src\SPL\src\stm32f10x_i2c.c              0x00000000   Number         0  stm32f10x_i2c.o ABSOLUTE
    Src\SPL\src\stm32f10x_iwdg.c             0x00000000   Number         0  stm32f10x_iwdg.o ABSOLUTE
    Src\SPL\src\stm32f10x_pwr.c              0x00000000   Number         0  stm32f10x_pwr.o ABSOLUTE
    Src\SPL\src\stm32f10x_rcc.c              0x00000000   Number         0  stm32f10x_rcc.o ABSOLUTE
    Src\SPL\src\stm32f10x_rtc.c              0x00000000   Number         0  stm32f10x_rtc.o ABSOLUTE
    Src\SPL\src\stm32f10x_sdio.c             0x00000000   Number         0  stm32f10x_sdio.o ABSOLUTE
    Src\SPL\src\stm32f10x_spi.c              0x00000000   Number         0  stm32f10x_spi.o ABSOLUTE
    Src\SPL\src\stm32f10x_tim.c              0x00000000   Number         0  stm32f10x_tim.o ABSOLUTE
    Src\SPL\src\stm32f10x_usart.c            0x00000000   Number         0  stm32f10x_usart.o ABSOLUTE
    Src\SPL\src\stm32f10x_wwdg.c             0x00000000   Number         0  stm32f10x_wwdg.o ABSOLUTE
    Src\System\systick.c                     0x00000000   Number         0  systick.o ABSOLUTE
    Src\\CMSIS\\Core\\core_cm3.c             0x00000000   Number         0  core_cm3.o ABSOLUTE
    dc.s                                     0x00000000   Number         0  dc.o ABSOLUTE
    RESET                                    0x08000000   Section      236  startup_stm32f10x_md.o(RESET)
    !!!main                                  0x080000ec   Section        8  __main.o(!!!main)
    !!!scatter                               0x080000f4   Section       52  __scatter.o(!!!scatter)
    !!dczerorl2                              0x08000128   Section       90  __dczerorl2.o(!!dczerorl2)
    !!handler_zi                             0x08000184   Section       28  __scatter_zi.o(!!handler_zi)
    .ARM.Collect$$libinit$$00000000          0x080001a0   Section        2  libinit.o(.ARM.Collect$$libinit$$00000000)
    .ARM.Collect$$libinit$$00000002          0x080001a2   Section        0  libinit2.o(.ARM.Collect$$libinit$$00000002)
    .ARM.Collect$$libinit$$00000004          0x080001a2   Section        0  libinit2.o(.ARM.Collect$$libinit$$00000004)
    .ARM.Collect$$libinit$$0000000A          0x080001a2   Section        0  libinit2.o(.ARM.Collect$$libinit$$0000000A)
    .ARM.Collect$$libinit$$0000000C          0x080001a2   Section        0  libinit2.o(.ARM.Collect$$libinit$$0000000C)
    .ARM.Collect$$libinit$$0000000E          0x080001a2   Section        0  libinit2.o(.ARM.Collect$$libinit$$0000000E)
    .ARM.Collect$$libinit$$00000011          0x080001a2   Section        0  libinit2.o(.ARM.Collect$$libinit$$00000011)
    .ARM.Collect$$libinit$$00000013          0x080001a2   Section        0  libinit2.o(.ARM.Collect$$libinit$$00000013)
    .ARM.Collect$$libinit$$00000015          0x080001a2   Section        0  libinit2.o(.ARM.Collect$$libinit$$00000015)
    .ARM.Collect$$libinit$$00000017          0x080001a2   Section        0  libinit2.o(.ARM.Collect$$libinit$$00000017)
    .ARM.Collect$$libinit$$00000019          0x080001a2   Section        0  libinit2.o(.ARM.Collect$$libinit$$00000019)
    .ARM.Collect$$libinit$$0000001B          0x080001a2   Section        0  libinit2.o(.ARM.Collect$$libinit$$0000001B)
    .ARM.Collect$$libinit$$0000001D          0x080001a2   Section        0  libinit2.o(.ARM.Collect$$libinit$$0000001D)
    .ARM.Collect$$libinit$$0000001F          0x080001a2   Section        0  libinit2.o(.ARM.Collect$$libinit$$0000001F)
    .ARM.Collect$$libinit$$00000021          0x080001a2   Section        0  libinit2.o(.ARM.Collect$$libinit$$00000021)
    .ARM.Collect$$libinit$$00000023          0x080001a2   Section        0  libinit2.o(.ARM.Collect$$libinit$$00000023)
    .ARM.Collect$$libinit$$00000025          0x080001a2   Section        0  libinit2.o(.ARM.Collect$$libinit$$00000025)
    .ARM.Collect$$libinit$$0000002C          0x080001a2   Section        0  libinit2.o(.ARM.Collect$$libinit$$0000002C)
    .ARM.Collect$$libinit$$0000002E          0x080001a2   Section        0  libinit2.o(.ARM.Collect$$libinit$$0000002E)
    .ARM.Collect$$libinit$$00000030          0x080001a2   Section        0  libinit2.o(.ARM.Collect$$libinit$$00000030)
    .ARM.Collect$$libinit$$00000032          0x080001a2   Section        0  libinit2.o(.ARM.Collect$$libinit$$00000032)
    .ARM.Collect$$libinit$$00000033          0x080001a2   Section        2  libinit2.o(.ARM.Collect$$libinit$$00000033)
    .ARM.Collect$$libshutdown$$00000000      0x080001a4   Section        2  libshutdown.o(.ARM.Collect$$libshutdown$$00000000)
    .ARM.Collect$$libshutdown$$00000002      0x080001a6   Section        0  libshutdown2.o(.ARM.Collect$$libshutdown$$00000002)
    .ARM.Collect$$libshutdown$$00000004      0x080001a6   Section        0  libshutdown2.o(.ARM.Collect$$libshutdown$$00000004)
    .ARM.Collect$$libshutdown$$00000006      0x080001a6   Section        0  libshutdown2.o(.ARM.Collect$$libshutdown$$00000006)
    .ARM.Collect$$libshutdown$$00000009      0x080001a6   Section        0  libshutdown2.o(.ARM.Collect$$libshutdown$$00000009)
    .ARM.Collect$$libshutdown$$0000000C      0x080001a6   Section        0  libshutdown2.o(.ARM.Collect$$libshutdown$$0000000C)
    .ARM.Collect$$libshutdown$$0000000E      0x080001a6   Section        0  libshutdown2.o(.ARM.Collect$$libshutdown$$0000000E)
    .ARM.Collect$$libshutdown$$00000011      0x080001a6   Section        0  libshutdown2.o(.ARM.Collect$$libshutdown$$00000011)
    .ARM.Collect$$libshutdown$$00000012      0x080001a6   Section        2  libshutdown2.o(.ARM.Collect$$libshutdown$$00000012)
    .ARM.Collect$$rtentry$$00000000          0x080001a8   Section        0  __rtentry.o(.ARM.Collect$$rtentry$$00000000)
    .ARM.Collect$$rtentry$$00000002          0x080001a8   Section        0  __rtentry2.o(.ARM.Collect$$rtentry$$00000002)
    .ARM.Collect$$rtentry$$00000004          0x080001a8   Section        6  __rtentry4.o(.ARM.Collect$$rtentry$$00000004)
    .ARM.Collect$$rtentry$$00000009          0x080001ae   Section        0  __rtentry2.o(.ARM.Collect$$rtentry$$00000009)
    .ARM.Collect$$rtentry$$0000000A          0x080001ae   Section        4  __rtentry2.o(.ARM.Collect$$rtentry$$0000000A)
    .ARM.Collect$$rtentry$$0000000C          0x080001b2   Section        0  __rtentry2.o(.ARM.Collect$$rtentry$$0000000C)
    .ARM.Collect$$rtentry$$0000000D          0x080001b2   Section        8  __rtentry2.o(.ARM.Collect$$rtentry$$0000000D)
    .ARM.Collect$$rtexit$$00000000           0x080001ba   Section        2  rtexit.o(.ARM.Collect$$rtexit$$00000000)
    .ARM.Collect$$rtexit$$00000002           0x080001bc   Section        0  rtexit2.o(.ARM.Collect$$rtexit$$00000002)
    .ARM.Collect$$rtexit$$00000003           0x080001bc   Section        4  rtexit2.o(.ARM.Collect$$rtexit$$00000003)
    .ARM.Collect$$rtexit$$00000004           0x080001c0   Section        6  rtexit2.o(.ARM.Collect$$rtexit$$00000004)
    .text                                    0x080001c8   Section        0  main.o(.text)
    .text                                    0x08000240   Section        0  stm32f10x_it.o(.text)
    .text                                    0x08000260   Section        0  systick.o(.text)
    .text                                    0x080002cc   Section        0  oled.o(.text)
    .text                                    0x0800076c   Section        0  ov2640.o(.text)
    .text                                    0x08000bd8   Section        0  sccb.o(.text)
    .text                                    0x08000e44   Section        0  uart.o(.text)
    .text                                    0x08000ee4   Section        0  swi2c.o(.text)
    .text                                    0x080010ac   Section        0  system_stm32f10x.o(.text)
    SetSysClockTo72                          0x080010ad   Thumb Code   214  system_stm32f10x.o(.text)
    SetSysClock                              0x08001183   Thumb Code     8  system_stm32f10x.o(.text)
    .text                                    0x0800128c   Section       64  startup_stm32f10x_md.o(.text)
    .text                                    0x080012cc   Section        0  stm32f10x_dma.o(.text)
    .text                                    0x08001520   Section        0  stm32f10x_gpio.o(.text)
    .text                                    0x0800187c   Section        0  stm32f10x_i2c.o(.text)
    .text                                    0x08001c80   Section        0  stm32f10x_rcc.o(.text)
    .text                                    0x08002024   Section        0  stm32f10x_tim.o(.text)
    TI4_Config                               0x080024cb   Thumb Code   130  stm32f10x_tim.o(.text)
    TI3_Config                               0x0800255f   Thumb Code   122  stm32f10x_tim.o(.text)
    TI2_Config                               0x080025f3   Thumb Code   130  stm32f10x_tim.o(.text)
    TI1_Config                               0x08002687   Thumb Code   108  stm32f10x_tim.o(.text)
    .text                                    0x08002e40   Section        0  stm32f10x_usart.o(.text)
    .text                                    0x08003248   Section        0  heapauxi.o(.text)
    .text                                    0x0800324e   Section       74  sys_stackheap_outer.o(.text)
    .text                                    0x08003298   Section        0  exit.o(.text)
    .text                                    0x080032ac   Section        8  libspace.o(.text)
    .text                                    0x080032b4   Section        0  sys_exit.o(.text)
    .text                                    0x080032c0   Section        2  use_no_semi.o(.text)
    .constdata                               0x080032c2   Section      772  ov2640_cfg.o(.constdata)
    .text                                    0x080032c2   Section        0  indicate_semi.o(.text)
    .data                                    0x20000000   Section     1520  oled_font.o(.data)
    .data                                    0x200005f0   Section       20  system_stm32f10x.o(.data)
    .data                                    0x20000604   Section       20  stm32f10x_rcc.o(.data)
    APBAHBPrescTable                         0x20000604   Data          16  stm32f10x_rcc.o(.data)
    ADCPrescTable                            0x20000614   Data           4  stm32f10x_rcc.o(.data)
    .bss                                     0x20000618   Section    16384  main.o(.bss)
    .bss                                     0x20004618   Section       96  libspace.o(.bss)
    HEAP                                     0x20004678   Section      512  startup_stm32f10x_md.o(HEAP)
    Heap_Mem                                 0x20004678   Data         512  startup_stm32f10x_md.o(HEAP)
    STACK                                    0x20004878   Section     1024  startup_stm32f10x_md.o(STACK)
    Stack_Mem                                0x20004878   Data        1024  startup_stm32f10x_md.o(STACK)
    __initial_sp                             0x20004c78   Data           0  startup_stm32f10x_md.o(STACK)

    Global Symbols

    Symbol Name                              Value     Ov Type        Size  Object(Section)

    BuildAttributes$$THM_ISAv4$P$D$K$B$S$PE$A:L22UL41UL21$X:L11$S22US41US21$IEEE1$IW$USESV6$~STKCKD$USESV7$~SHL$OSPACE$ROPI$EBA8$UX$STANDARDLIB$REQ8$PRES8$EABIv2 0x00000000   Number         0  anon$$obj.o ABSOLUTE
    __ARM_use_no_argv                        0x00000000   Number         0  main.o ABSOLUTE
    __ARM_exceptions_init                     - Undefined Weak Reference
    __alloca_initialize                       - Undefined Weak Reference
    __arm_fini_                               - Undefined Weak Reference
    __arm_preinit_                            - Undefined Weak Reference
    __cpp_initialize__aeabi_                  - Undefined Weak Reference
    __cxa_finalize                            - Undefined Weak Reference
    __rt_locale                               - Undefined Weak Reference
    __sigvec_lookup                           - Undefined Weak Reference
    _atexit_init                              - Undefined Weak Reference
    _call_atexit_fns                          - Undefined Weak Reference
    _clock_init                               - Undefined Weak Reference
    _fp_trap_init                             - Undefined Weak Reference
    _fp_trap_shutdown                         - Undefined Weak Reference
    _get_lc_collate                           - Undefined Weak Reference
    _get_lc_ctype                             - Undefined Weak Reference
    _get_lc_monetary                          - Undefined Weak Reference
    _get_lc_numeric                           - Undefined Weak Reference
    _get_lc_time                              - Undefined Weak Reference
    _getenv_init                              - Undefined Weak Reference
    _handle_redirection                       - Undefined Weak Reference
    _init_alloc                               - Undefined Weak Reference
    _init_user_alloc                          - Undefined Weak Reference
    _initio                                   - Undefined Weak Reference
    _rand_init                                - Undefined Weak Reference
    _signal_finish                            - Undefined Weak Reference
    _signal_init                              - Undefined Weak Reference
    _terminate_alloc                          - Undefined Weak Reference
    _terminate_user_alloc                     - Undefined Weak Reference
    _terminateio                              - Undefined Weak Reference
    __Vectors_Size                           0x000000ec   Number         0  startup_stm32f10x_md.o ABSOLUTE
    __Vectors                                0x08000000   Data           4  startup_stm32f10x_md.o(RESET)
    __Vectors_End                            0x080000ec   Data           0  startup_stm32f10x_md.o(RESET)
    __main                                   0x080000ed   Thumb Code     8  __main.o(!!!main)
    __scatterload                            0x080000f5   Thumb Code     0  __scatter.o(!!!scatter)
    __scatterload_rt2                        0x080000f5   Thumb Code    44  __scatter.o(!!!scatter)
    __scatterload_rt2_thumb_only             0x080000f5   Thumb Code     0  __scatter.o(!!!scatter)
    __scatterload_null                       0x08000103   Thumb Code     0  __scatter.o(!!!scatter)
    __decompress                             0x08000129   Thumb Code    90  __dczerorl2.o(!!dczerorl2)
    __decompress1                            0x08000129   Thumb Code     0  __dczerorl2.o(!!dczerorl2)
    __scatterload_zeroinit                   0x08000185   Thumb Code    28  __scatter_zi.o(!!handler_zi)
    __rt_lib_init                            0x080001a1   Thumb Code     0  libinit.o(.ARM.Collect$$libinit$$00000000)
    __rt_lib_init_alloca_1                   0x080001a3   Thumb Code     0  libinit2.o(.ARM.Collect$$libinit$$0000002E)
    __rt_lib_init_argv_1                     0x080001a3   Thumb Code     0  libinit2.o(.ARM.Collect$$libinit$$0000002C)
    __rt_lib_init_atexit_1                   0x080001a3   Thumb Code     0  libinit2.o(.ARM.Collect$$libinit$$0000001B)
    __rt_lib_init_clock_1                    0x080001a3   Thumb Code     0  libinit2.o(.ARM.Collect$$libinit$$00000021)
    __rt_lib_init_cpp_1                      0x080001a3   Thumb Code     0  libinit2.o(.ARM.Collect$$libinit$$00000032)
    __rt_lib_init_exceptions_1               0x080001a3   Thumb Code     0  libinit2.o(.ARM.Collect$$libinit$$00000030)
    __rt_lib_init_fp_1                       0x080001a3   Thumb Code     0  libinit2.o(.ARM.Collect$$libinit$$00000002)
    __rt_lib_init_fp_trap_1                  0x080001a3   Thumb Code     0  libinit2.o(.ARM.Collect$$libinit$$0000001F)
    __rt_lib_init_getenv_1                   0x080001a3   Thumb Code     0  libinit2.o(.ARM.Collect$$libinit$$00000023)
    __rt_lib_init_heap_1                     0x080001a3   Thumb Code     0  libinit2.o(.ARM.Collect$$libinit$$0000000A)
    __rt_lib_init_lc_collate_1               0x080001a3   Thumb Code     0  libinit2.o(.ARM.Collect$$libinit$$00000011)
    __rt_lib_init_lc_ctype_1                 0x080001a3   Thumb Code     0  libinit2.o(.ARM.Collect$$libinit$$00000013)
    __rt_lib_init_lc_monetary_1              0x080001a3   Thumb Code     0  libinit2.o(.ARM.Collect$$libinit$$00000015)
    __rt_lib_init_lc_numeric_1               0x080001a3   Thumb Code     0  libinit2.o(.ARM.Collect$$libinit$$00000017)
    __rt_lib_init_lc_time_1                  0x080001a3   Thumb Code     0  libinit2.o(.ARM.Collect$$libinit$$00000019)
    __rt_lib_init_preinit_1                  0x080001a3   Thumb Code     0  libinit2.o(.ARM.Collect$$libinit$$00000004)
    __rt_lib_init_rand_1                     0x080001a3   Thumb Code     0  libinit2.o(.ARM.Collect$$libinit$$0000000E)
    __rt_lib_init_return                     0x080001a3   Thumb Code     0  libinit2.o(.ARM.Collect$$libinit$$00000033)
    __rt_lib_init_signal_1                   0x080001a3   Thumb Code     0  libinit2.o(.ARM.Collect$$libinit$$0000001D)
    __rt_lib_init_stdio_1                    0x080001a3   Thumb Code     0  libinit2.o(.ARM.Collect$$libinit$$00000025)
    __rt_lib_init_user_alloc_1               0x080001a3   Thumb Code     0  libinit2.o(.ARM.Collect$$libinit$$0000000C)
    __rt_lib_shutdown                        0x080001a5   Thumb Code     0  libshutdown.o(.ARM.Collect$$libshutdown$$00000000)
    __rt_lib_shutdown_cpp_1                  0x080001a7   Thumb Code     0  libshutdown2.o(.ARM.Collect$$libshutdown$$00000004)
    __rt_lib_shutdown_fini_1                 0x080001a7   Thumb Code     0  libshutdown2.o(.ARM.Collect$$libshutdown$$00000002)
    __rt_lib_shutdown_fp_trap_1              0x080001a7   Thumb Code     0  libshutdown2.o(.ARM.Collect$$libshutdown$$00000009)
    __rt_lib_shutdown_heap_1                 0x080001a7   Thumb Code     0  libshutdown2.o(.ARM.Collect$$libshutdown$$00000011)
    __rt_lib_shutdown_return                 0x080001a7   Thumb Code     0  libshutdown2.o(.ARM.Collect$$libshutdown$$00000012)
    __rt_lib_shutdown_signal_1               0x080001a7   Thumb Code     0  libshutdown2.o(.ARM.Collect$$libshutdown$$0000000C)
    __rt_lib_shutdown_stdio_1                0x080001a7   Thumb Code     0  libshutdown2.o(.ARM.Collect$$libshutdown$$00000006)
    __rt_lib_shutdown_user_alloc_1           0x080001a7   Thumb Code     0  libshutdown2.o(.ARM.Collect$$libshutdown$$0000000E)
    __rt_entry                               0x080001a9   Thumb Code     0  __rtentry.o(.ARM.Collect$$rtentry$$00000000)
    __rt_entry_presh_1                       0x080001a9   Thumb Code     0  __rtentry2.o(.ARM.Collect$$rtentry$$00000002)
    __rt_entry_sh                            0x080001a9   Thumb Code     0  __rtentry4.o(.ARM.Collect$$rtentry$$00000004)
    __rt_entry_li                            0x080001af   Thumb Code     0  __rtentry2.o(.ARM.Collect$$rtentry$$0000000A)
    __rt_entry_postsh_1                      0x080001af   Thumb Code     0  __rtentry2.o(.ARM.Collect$$rtentry$$00000009)
    __rt_entry_main                          0x080001b3   Thumb Code     0  __rtentry2.o(.ARM.Collect$$rtentry$$0000000D)
    __rt_entry_postli_1                      0x080001b3   Thumb Code     0  __rtentry2.o(.ARM.Collect$$rtentry$$0000000C)
    __rt_exit                                0x080001bb   Thumb Code     0  rtexit.o(.ARM.Collect$$rtexit$$00000000)
    __rt_exit_ls                             0x080001bd   Thumb Code     0  rtexit2.o(.ARM.Collect$$rtexit$$00000003)
    __rt_exit_prels_1                        0x080001bd   Thumb Code     0  rtexit2.o(.ARM.Collect$$rtexit$$00000002)
    __rt_exit_exit                           0x080001c1   Thumb Code     0  rtexit2.o(.ARM.Collect$$rtexit$$00000004)
    main                                     0x080001c9   Thumb Code   102  main.o(.text)
    NMI_Handler                              0x08000241   Thumb Code     2  stm32f10x_it.o(.text)
    HardFault_Handler                        0x08000243   Thumb Code     4  stm32f10x_it.o(.text)
    MemManage_Handler                        0x08000247   Thumb Code     4  stm32f10x_it.o(.text)
    BusFault_Handler                         0x0800024b   Thumb Code     4  stm32f10x_it.o(.text)
    UsageFault_Handler                       0x0800024f   Thumb Code     4  stm32f10x_it.o(.text)
    SVC_Handler                              0x08000253   Thumb Code     2  stm32f10x_it.o(.text)
    DebugMon_Handler                         0x08000255   Thumb Code     2  stm32f10x_it.o(.text)
    PendSV_Handler                           0x08000257   Thumb Code     2  stm32f10x_it.o(.text)
    SysTick_Handler                          0x08000259   Thumb Code     2  stm32f10x_it.o(.text)
    EXTI4_IRQHandler                         0x0800025b   Thumb Code     2  stm32f10x_it.o(.text)
    EXTI9_5_IRQHandler                       0x0800025d   Thumb Code     2  stm32f10x_it.o(.text)
    Delay_us                                 0x08000261   Thumb Code    46  systick.o(.text)
    Delay_ms                                 0x0800028f   Thumb Code    26  systick.o(.text)
    Delay_s                                  0x080002a9   Thumb Code    26  systick.o(.text)
    SSD1306_SWInit                           0x080002cd   Thumb Code    38  oled.o(.text)
    SSD1306_SWriteCommand                    0x080002f3   Thumb Code    62  oled.o(.text)
    SSD1306_SWriteData                       0x08000331   Thumb Code    62  oled.o(.text)
    SSD1306_Init                             0x0800036f   Thumb Code   104  oled.o(.text)
    SSD1306_WaitEvent                        0x080003d7   Thumb Code    36  oled.o(.text)
    SSD1306_WriteCommand                     0x080003fb   Thumb Code    84  oled.o(.text)
    SSD1306_WriteData                        0x0800044f   Thumb Code    84  oled.o(.text)
    OLED_SetCursor                           0x080004a3   Thumb Code    34  oled.o(.text)
    OLED_Clear                               0x080004c5   Thumb Code    42  oled.o(.text)
    OLED_ShowChar                            0x080004ef   Thumb Code   110  oled.o(.text)
    OLED_ShowString                          0x0800055d   Thumb Code    40  oled.o(.text)
    OLED_Pow                                 0x08000585   Thumb Code    20  oled.o(.text)
    OLED_ShowNum                             0x08000599   Thumb Code    68  oled.o(.text)
    OLED_ShowSignedNum                       0x080005dd   Thumb Code   102  oled.o(.text)
    OLED_ShowHexNum                          0x08000643   Thumb Code    84  oled.o(.text)
    OLED_ShowBinNum                          0x08000697   Thumb Code    86  oled.o(.text)
    OLED_Init                                0x080006ed   Thumb Code   126  oled.o(.text)
    OV2640_HW_Reset                          0x0800076d   Thumb Code    32  ov2640.o(.text)
    OV2640_SetPowerDownMode                  0x0800078d   Thumb Code    26  ov2640.o(.text)
    OV2640_GetPID                            0x080007a7   Thumb Code    44  ov2640.o(.text)
    OV2640_GetMID                            0x080007d3   Thumb Code    44  ov2640.o(.text)
    OV2640_HW_Init                           0x080007ff   Thumb Code   118  ov2640.o(.text)
    OV2640_InitConfig                        0x08000875   Thumb Code    38  ov2640.o(.text)
    OV2640_SetClockDivision                  0x0800089b   Thumb Code    48  ov2640.o(.text)
    OV2640_SetOutputJPEG                     0x080008cb   Thumb Code    72  ov2640.o(.text)
    OV2640_SetOutputSize                     0x08000913   Thumb Code    88  ov2640.o(.text)
    OV2640_Init                              0x0800096b   Thumb Code    26  ov2640.o(.text)
    OV2640_TransmitFrame_JPEG_UART           0x08000985   Thumb Code   180  ov2640.o(.text)
    OV2640_TIM_DMA_Init                      0x08000a39   Thumb Code   140  ov2640.o(.text)
    OV2640_TIM_DMA_Start                     0x08000ac5   Thumb Code    20  ov2640.o(.text)
    OV2640_TransmitFrame_JPEG_UART1_TIM_DMA  0x08000ad9   Thumb Code   250  ov2640.o(.text)
    SWSCCB_Init                              0x08000bd9   Thumb Code    38  sccb.o(.text)
    SWSCCB_SDA_SetInput                      0x08000bff   Thumb Code    32  sccb.o(.text)
    SWSCCB_SDA_SetOutput                     0x08000c1f   Thumb Code    30  sccb.o(.text)
    SWSCCB_Start                             0x08000c3d   Thumb Code    66  sccb.o(.text)
    SWSCCB_Stop                              0x08000c7f   Thumb Code    54  sccb.o(.text)
    SWSCCB_WriteByte                         0x08000cb5   Thumb Code   160  sccb.o(.text)
    SWSCCB_ReadByte                          0x08000d55   Thumb Code   146  sccb.o(.text)
    SWSCCB_WriteReg                          0x08000de7   Thumb Code    36  sccb.o(.text)
    SWSCCB_ReadReg                           0x08000e0b   Thumb Code    52  sccb.o(.text)
    UART1_Init                               0x08000e45   Thumb Code   110  uart.o(.text)
    UART1_Transmit                           0x08000eb3   Thumb Code    42  uart.o(.text)
    SWI2C_Init                               0x08000ee5   Thumb Code    48  swi2c.o(.text)
    SWI2C_Start                              0x08000f15   Thumb Code    68  swi2c.o(.text)
    SWI2C_Stop                               0x08000f59   Thumb Code    58  swi2c.o(.text)
    SWI2C_TransmitByte                       0x08000f93   Thumb Code   136  swi2c.o(.text)
    SWI2C_ReceiveByte                        0x0800101b   Thumb Code   146  swi2c.o(.text)
    SystemInit                               0x0800118b   Thumb Code    78  system_stm32f10x.o(.text)
    SystemCoreClockUpdate                    0x080011d9   Thumb Code   142  system_stm32f10x.o(.text)
    Reset_Handler                            0x0800128d   Thumb Code     8  startup_stm32f10x_md.o(.text)
    ADC1_2_IRQHandler                        0x080012a7   Thumb Code     0  startup_stm32f10x_md.o(.text)
    CAN1_RX1_IRQHandler                      0x080012a7   Thumb Code     0  startup_stm32f10x_md.o(.text)
    CAN1_SCE_IRQHandler                      0x080012a7   Thumb Code     0  startup_stm32f10x_md.o(.text)
    DMA1_Channel1_IRQHandler                 0x080012a7   Thumb Code     0  startup_stm32f10x_md.o(.text)
    DMA1_Channel2_IRQHandler                 0x080012a7   Thumb Code     0  startup_stm32f10x_md.o(.text)
    DMA1_Channel3_IRQHandler                 0x080012a7   Thumb Code     0  startup_stm32f10x_md.o(.text)
    DMA1_Channel4_IRQHandler                 0x080012a7   Thumb Code     0  startup_stm32f10x_md.o(.text)
    DMA1_Channel5_IRQHandler                 0x080012a7   Thumb Code     0  startup_stm32f10x_md.o(.text)
    DMA1_Channel6_IRQHandler                 0x080012a7   Thumb Code     0  startup_stm32f10x_md.o(.text)
    DMA1_Channel7_IRQHandler                 0x080012a7   Thumb Code     0  startup_stm32f10x_md.o(.text)
    EXTI0_IRQHandler                         0x080012a7   Thumb Code     0  startup_stm32f10x_md.o(.text)
    EXTI15_10_IRQHandler                     0x080012a7   Thumb Code     0  startup_stm32f10x_md.o(.text)
    EXTI1_IRQHandler                         0x080012a7   Thumb Code     0  startup_stm32f10x_md.o(.text)
    EXTI2_IRQHandler                         0x080012a7   Thumb Code     0  startup_stm32f10x_md.o(.text)
    EXTI3_IRQHandler                         0x080012a7   Thumb Code     0  startup_stm32f10x_md.o(.text)
    FLASH_IRQHandler                         0x080012a7   Thumb Code     0  startup_stm32f10x_md.o(.text)
    I2C1_ER_IRQHandler                       0x080012a7   Thumb Code     0  startup_stm32f10x_md.o(.text)
    I2C1_EV_IRQHandler                       0x080012a7   Thumb Code     0  startup_stm32f10x_md.o(.text)
    I2C2_ER_IRQHandler                       0x080012a7   Thumb Code     0  startup_stm32f10x_md.o(.text)
    I2C2_EV_IRQHandler                       0x080012a7   Thumb Code     0  startup_stm32f10x_md.o(.text)
    PVD_IRQHandler                           0x080012a7   Thumb Code     0  startup_stm32f10x_md.o(.text)
    RCC_IRQHandler                           0x080012a7   Thumb Code     0  startup_stm32f10x_md.o(.text)
    RTCAlarm_IRQHandler                      0x080012a7   Thumb Code     0  startup_stm32f10x_md.o(.text)
    RTC_IRQHandler                           0x080012a7   Thumb Code     0  startup_stm32f10x_md.o(.text)
    SPI1_IRQHandler                          0x080012a7   Thumb Code     0  startup_stm32f10x_md.o(.text)
    SPI2_IRQHandler                          0x080012a7   Thumb Code     0  startup_stm32f10x_md.o(.text)
    TAMPER_IRQHandler                        0x080012a7   Thumb Code     0  startup_stm32f10x_md.o(.text)
    TIM1_BRK_IRQHandler                      0x080012a7   Thumb Code     0  startup_stm32f10x_md.o(.text)
    TIM1_CC_IRQHandler                       0x080012a7   Thumb Code     0  startup_stm32f10x_md.o(.text)
    TIM1_TRG_COM_IRQHandler                  0x080012a7   Thumb Code     0  startup_stm32f10x_md.o(.text)
    TIM1_UP_IRQHandler                       0x080012a7   Thumb Code     0  startup_stm32f10x_md.o(.text)
    TIM2_IRQHandler                          0x080012a7   Thumb Code     0  startup_stm32f10x_md.o(.text)
    TIM3_IRQHandler                          0x080012a7   Thumb Code     0  startup_stm32f10x_md.o(.text)
    TIM4_IRQHandler                          0x080012a7   Thumb Code     0  startup_stm32f10x_md.o(.text)
    USART1_IRQHandler                        0x080012a7   Thumb Code     0  startup_stm32f10x_md.o(.text)
    USART2_IRQHandler                        0x080012a7   Thumb Code     0  startup_stm32f10x_md.o(.text)
    USART3_IRQHandler                        0x080012a7   Thumb Code     0  startup_stm32f10x_md.o(.text)
    USBWakeUp_IRQHandler                     0x080012a7   Thumb Code     0  startup_stm32f10x_md.o(.text)
    USB_HP_CAN1_TX_IRQHandler                0x080012a7   Thumb Code     0  startup_stm32f10x_md.o(.text)
    USB_LP_CAN1_RX0_IRQHandler               0x080012a7   Thumb Code     0  startup_stm32f10x_md.o(.text)
    WWDG_IRQHandler                          0x080012a7   Thumb Code     0  startup_stm32f10x_md.o(.text)
    __user_initial_stackheap                 0x080012a9   Thumb Code     0  startup_stm32f10x_md.o(.text)
    DMA_DeInit                               0x080012cd   Thumb Code   324  stm32f10x_dma.o(.text)
    DMA_Init                                 0x08001411   Thumb Code    60  stm32f10x_dma.o(.text)
    DMA_StructInit                           0x0800144d   Thumb Code    26  stm32f10x_dma.o(.text)
    DMA_Cmd                                  0x08001467   Thumb Code    24  stm32f10x_dma.o(.text)
    DMA_ITConfig                             0x0800147f   Thumb Code    18  stm32f10x_dma.o(.text)
    DMA_SetCurrDataCounter                   0x08001491   Thumb Code     4  stm32f10x_dma.o(.text)
    DMA_GetCurrDataCounter                   0x08001495   Thumb Code     8  stm32f10x_dma.o(.text)
    DMA_GetFlagStatus                        0x0800149d   Thumb Code    40  stm32f10x_dma.o(.text)
    DMA_ClearFlag                            0x080014c5   Thumb Code    22  stm32f10x_dma.o(.text)
    DMA_GetITStatus                          0x080014db   Thumb Code    40  stm32f10x_dma.o(.text)
    DMA_ClearITPendingBit                    0x08001503   Thumb Code    22  stm32f10x_dma.o(.text)
    GPIO_DeInit                              0x08001521   Thumb Code   172  stm32f10x_gpio.o(.text)
    GPIO_AFIODeInit                          0x080015cd   Thumb Code    20  stm32f10x_gpio.o(.text)
    GPIO_Init                                0x080015e1   Thumb Code   278  stm32f10x_gpio.o(.text)
    GPIO_StructInit                          0x080016f7   Thumb Code    16  stm32f10x_gpio.o(.text)
    GPIO_ReadInputDataBit                    0x08001707   Thumb Code    18  stm32f10x_gpio.o(.text)
    GPIO_ReadInputData                       0x08001719   Thumb Code     8  stm32f10x_gpio.o(.text)
    GPIO_ReadOutputDataBit                   0x08001721   Thumb Code    18  stm32f10x_gpio.o(.text)
    GPIO_ReadOutputData                      0x08001733   Thumb Code     8  stm32f10x_gpio.o(.text)
    GPIO_SetBits                             0x0800173b   Thumb Code     4  stm32f10x_gpio.o(.text)
    GPIO_ResetBits                           0x0800173f   Thumb Code     4  stm32f10x_gpio.o(.text)
    GPIO_WriteBit                            0x08001743   Thumb Code    10  stm32f10x_gpio.o(.text)
    GPIO_Write                               0x0800174d   Thumb Code     4  stm32f10x_gpio.o(.text)
    GPIO_PinLockConfig                       0x08001751   Thumb Code    18  stm32f10x_gpio.o(.text)
    GPIO_EventOutputConfig                   0x08001763   Thumb Code    26  stm32f10x_gpio.o(.text)
    GPIO_EventOutputCmd                      0x0800177d   Thumb Code     6  stm32f10x_gpio.o(.text)
    GPIO_PinRemapConfig                      0x08001783   Thumb Code   138  stm32f10x_gpio.o(.text)
    GPIO_EXTILineConfig                      0x0800180d   Thumb Code    66  stm32f10x_gpio.o(.text)
    GPIO_ETH_MediaInterfaceConfig            0x0800184f   Thumb Code     8  stm32f10x_gpio.o(.text)
    I2C_DeInit                               0x0800187d   Thumb Code    50  stm32f10x_i2c.o(.text)
    I2C_Init                                 0x080018af   Thumb Code   222  stm32f10x_i2c.o(.text)
    I2C_StructInit                           0x0800198d   Thumb Code    30  stm32f10x_i2c.o(.text)
    I2C_Cmd                                  0x080019ab   Thumb Code    24  stm32f10x_i2c.o(.text)
    I2C_DMACmd                               0x080019c3   Thumb Code    24  stm32f10x_i2c.o(.text)
    I2C_DMALastTransferCmd                   0x080019db   Thumb Code    24  stm32f10x_i2c.o(.text)
    I2C_GenerateSTART                        0x080019f3   Thumb Code    24  stm32f10x_i2c.o(.text)
    I2C_GenerateSTOP                         0x08001a0b   Thumb Code    24  stm32f10x_i2c.o(.text)
    I2C_AcknowledgeConfig                    0x08001a23   Thumb Code    24  stm32f10x_i2c.o(.text)
    I2C_OwnAddress2Config                    0x08001a3b   Thumb Code    22  stm32f10x_i2c.o(.text)
    I2C_DualAddressCmd                       0x08001a51   Thumb Code    24  stm32f10x_i2c.o(.text)
    I2C_GeneralCallCmd                       0x08001a69   Thumb Code    24  stm32f10x_i2c.o(.text)
    I2C_ITConfig                             0x08001a81   Thumb Code    18  stm32f10x_i2c.o(.text)
    I2C_SendData                             0x08001a93   Thumb Code     4  stm32f10x_i2c.o(.text)
    I2C_ReceiveData                          0x08001a97   Thumb Code     8  stm32f10x_i2c.o(.text)
    I2C_Send7bitAddress                      0x08001a9f   Thumb Code    18  stm32f10x_i2c.o(.text)
    I2C_ReadRegister                         0x08001ab1   Thumb Code    22  stm32f10x_i2c.o(.text)
    I2C_SoftwareResetCmd                     0x08001ac7   Thumb Code    22  stm32f10x_i2c.o(.text)
    I2C_NACKPositionConfig                   0x08001add   Thumb Code    28  stm32f10x_i2c.o(.text)
    I2C_SMBusAlertConfig                     0x08001af9   Thumb Code    28  stm32f10x_i2c.o(.text)
    I2C_TransmitPEC                          0x08001b15   Thumb Code    24  stm32f10x_i2c.o(.text)
    I2C_PECPositionConfig                    0x08001b2d   Thumb Code    28  stm32f10x_i2c.o(.text)
    I2C_CalculatePEC                         0x08001b49   Thumb Code    24  stm32f10x_i2c.o(.text)
    I2C_GetPEC                               0x08001b61   Thumb Code     8  stm32f10x_i2c.o(.text)
    I2C_ARPCmd                               0x08001b69   Thumb Code    24  stm32f10x_i2c.o(.text)
    I2C_StretchClockCmd                      0x08001b81   Thumb Code    24  stm32f10x_i2c.o(.text)
    I2C_FastModeDutyCycleConfig              0x08001b99   Thumb Code    28  stm32f10x_i2c.o(.text)
    I2C_CheckEvent                           0x08001bb5   Thumb Code    42  stm32f10x_i2c.o(.text)
    I2C_GetLastEvent                         0x08001bdf   Thumb Code    26  stm32f10x_i2c.o(.text)
    I2C_GetFlagStatus                        0x08001bf9   Thumb Code    58  stm32f10x_i2c.o(.text)
    I2C_ClearFlag                            0x08001c33   Thumb Code    12  stm32f10x_i2c.o(.text)
    I2C_GetITStatus                          0x08001c3f   Thumb Code    54  stm32f10x_i2c.o(.text)
    I2C_ClearITPendingBit                    0x08001c75   Thumb Code    12  stm32f10x_i2c.o(.text)
    RCC_DeInit                               0x08001c81   Thumb Code    64  stm32f10x_rcc.o(.text)
    RCC_HSEConfig                            0x08001cc1   Thumb Code    70  stm32f10x_rcc.o(.text)
    RCC_GetFlagStatus                        0x08001d07   Thumb Code    56  stm32f10x_rcc.o(.text)
    RCC_WaitForHSEStartUp                    0x08001d3f   Thumb Code    56  stm32f10x_rcc.o(.text)
    RCC_AdjustHSICalibrationValue            0x08001d77   Thumb Code    20  stm32f10x_rcc.o(.text)
    RCC_HSICmd                               0x08001d8b   Thumb Code     6  stm32f10x_rcc.o(.text)
    RCC_PLLConfig                            0x08001d91   Thumb Code    24  stm32f10x_rcc.o(.text)
    RCC_PLLCmd                               0x08001da9   Thumb Code     6  stm32f10x_rcc.o(.text)
    RCC_SYSCLKConfig                         0x08001daf   Thumb Code    18  stm32f10x_rcc.o(.text)
    RCC_GetSYSCLKSource                      0x08001dc1   Thumb Code    10  stm32f10x_rcc.o(.text)
    RCC_HCLKConfig                           0x08001dcb   Thumb Code    18  stm32f10x_rcc.o(.text)
    RCC_PCLK1Config                          0x08001ddd   Thumb Code    18  stm32f10x_rcc.o(.text)
    RCC_PCLK2Config                          0x08001def   Thumb Code    20  stm32f10x_rcc.o(.text)
    RCC_ITConfig                             0x08001e03   Thumb Code    26  stm32f10x_rcc.o(.text)
    RCC_USBCLKConfig                         0x08001e1d   Thumb Code     8  stm32f10x_rcc.o(.text)
    RCC_ADCCLKConfig                         0x08001e25   Thumb Code    18  stm32f10x_rcc.o(.text)
    RCC_LSEConfig                            0x08001e37   Thumb Code    50  stm32f10x_rcc.o(.text)
    RCC_LSICmd                               0x08001e69   Thumb Code     6  stm32f10x_rcc.o(.text)
    RCC_RTCCLKConfig                         0x08001e6f   Thumb Code    12  stm32f10x_rcc.o(.text)
    RCC_RTCCLKCmd                            0x08001e7b   Thumb Code     8  stm32f10x_rcc.o(.text)
    RCC_GetClocksFreq                        0x08001e83   Thumb Code   192  stm32f10x_rcc.o(.text)
    RCC_AHBPeriphClockCmd                    0x08001f43   Thumb Code    26  stm32f10x_rcc.o(.text)
    RCC_APB2PeriphClockCmd                   0x08001f5d   Thumb Code    26  stm32f10x_rcc.o(.text)
    RCC_APB1PeriphClockCmd                   0x08001f77   Thumb Code    26  stm32f10x_rcc.o(.text)
    RCC_APB2PeriphResetCmd                   0x08001f91   Thumb Code    26  stm32f10x_rcc.o(.text)
    RCC_APB1PeriphResetCmd                   0x08001fab   Thumb Code    26  stm32f10x_rcc.o(.text)
    RCC_BackupResetCmd                       0x08001fc5   Thumb Code     8  stm32f10x_rcc.o(.text)
    RCC_ClockSecuritySystemCmd               0x08001fcd   Thumb Code     6  stm32f10x_rcc.o(.text)
    RCC_MCOConfig                            0x08001fd3   Thumb Code     6  stm32f10x_rcc.o(.text)
    RCC_ClearFlag                            0x08001fd9   Thumb Code    14  stm32f10x_rcc.o(.text)
    RCC_GetITStatus                          0x08001fe7   Thumb Code    20  stm32f10x_rcc.o(.text)
    RCC_ClearITPendingBit                    0x08001ffb   Thumb Code     6  stm32f10x_rcc.o(.text)
    TIM_DeInit                               0x08002025   Thumb Code   424  stm32f10x_tim.o(.text)
    TIM_TimeBaseInit                         0x080021cd   Thumb Code   122  stm32f10x_tim.o(.text)
    TIM_OC1Init                              0x08002247   Thumb Code   132  stm32f10x_tim.o(.text)
    TIM_OC2Init                              0x080022cb   Thumb Code   154  stm32f10x_tim.o(.text)
    TIM_OC3Init                              0x08002365   Thumb Code   150  stm32f10x_tim.o(.text)
    TIM_OC4Init                              0x080023fb   Thumb Code   182  stm32f10x_tim.o(.text)
    TIM_SetIC4Prescaler                      0x080024b1   Thumb Code    26  stm32f10x_tim.o(.text)
    TIM_SetIC3Prescaler                      0x0800254d   Thumb Code    18  stm32f10x_tim.o(.text)
    TIM_SetIC2Prescaler                      0x080025d9   Thumb Code    26  stm32f10x_tim.o(.text)
    TIM_SetIC1Prescaler                      0x08002675   Thumb Code    18  stm32f10x_tim.o(.text)
    TIM_ICInit                               0x080026f3   Thumb Code   150  stm32f10x_tim.o(.text)
    TIM_PWMIConfig                           0x08002789   Thumb Code   124  stm32f10x_tim.o(.text)
    TIM_BDTRConfig                           0x08002805   Thumb Code    32  stm32f10x_tim.o(.text)
    TIM_TimeBaseStructInit                   0x08002825   Thumb Code    18  stm32f10x_tim.o(.text)
    TIM_OCStructInit                         0x08002837   Thumb Code    20  stm32f10x_tim.o(.text)
    TIM_ICStructInit                         0x0800284b   Thumb Code    18  stm32f10x_tim.o(.text)
    TIM_BDTRStructInit                       0x0800285d   Thumb Code    40  stm32f10x_tim.o(.text)
    TIM_Cmd                                  0x08002885   Thumb Code    24  stm32f10x_tim.o(.text)
    TIM_CtrlPWMOutputs                       0x0800289d   Thumb Code    30  stm32f10x_tim.o(.text)
    TIM_ITConfig                             0x080028bb   Thumb Code    18  stm32f10x_tim.o(.text)
    TIM_GenerateEvent                        0x080028cd   Thumb Code     4  stm32f10x_tim.o(.text)
    TIM_DMAConfig                            0x080028d1   Thumb Code    10  stm32f10x_tim.o(.text)
    TIM_DMACmd                               0x080028db   Thumb Code    18  stm32f10x_tim.o(.text)
    TIM_InternalClockConfig                  0x080028ed   Thumb Code    12  stm32f10x_tim.o(.text)
    TIM_SelectInputTrigger                   0x080028f9   Thumb Code    18  stm32f10x_tim.o(.text)
    TIM_ITRxExternalClockConfig              0x0800290b   Thumb Code    24  stm32f10x_tim.o(.text)
    TIM_TIxExternalClockConfig               0x08002923   Thumb Code    62  stm32f10x_tim.o(.text)
    TIM_ETRConfig                            0x08002961   Thumb Code    28  stm32f10x_tim.o(.text)
    TIM_ETRClockMode1Config                  0x0800297d   Thumb Code    54  stm32f10x_tim.o(.text)
    TIM_ETRClockMode2Config                  0x080029b3   Thumb Code    32  stm32f10x_tim.o(.text)
    TIM_PrescalerConfig                      0x080029d3   Thumb Code     6  stm32f10x_tim.o(.text)
    TIM_CounterModeConfig                    0x080029d9   Thumb Code    18  stm32f10x_tim.o(.text)
    TIM_EncoderInterfaceConfig               0x080029eb   Thumb Code    66  stm32f10x_tim.o(.text)
    TIM_ForcedOC1Config                      0x08002a2d   Thumb Code    18  stm32f10x_tim.o(.text)
    TIM_ForcedOC2Config                      0x08002a3f   Thumb Code    26  stm32f10x_tim.o(.text)
    TIM_ForcedOC3Config                      0x08002a59   Thumb Code    18  stm32f10x_tim.o(.text)
    TIM_ForcedOC4Config                      0x08002a6b   Thumb Code    26  stm32f10x_tim.o(.text)
    TIM_ARRPreloadConfig                     0x08002a85   Thumb Code    24  stm32f10x_tim.o(.text)
    TIM_SelectCOM                            0x08002a9d   Thumb Code    24  stm32f10x_tim.o(.text)
    TIM_SelectCCDMA                          0x08002ab5   Thumb Code    24  stm32f10x_tim.o(.text)
    TIM_CCPreloadControl                     0x08002acd   Thumb Code    24  stm32f10x_tim.o(.text)
    TIM_OC1PreloadConfig                     0x08002ae5   Thumb Code    18  stm32f10x_tim.o(.text)
    TIM_OC2PreloadConfig                     0x08002af7   Thumb Code    26  stm32f10x_tim.o(.text)
    TIM_OC3PreloadConfig                     0x08002b11   Thumb Code    18  stm32f10x_tim.o(.text)
    TIM_OC4PreloadConfig                     0x08002b23   Thumb Code    26  stm32f10x_tim.o(.text)
    TIM_OC1FastConfig                        0x08002b3d   Thumb Code    18  stm32f10x_tim.o(.text)
    TIM_OC2FastConfig                        0x08002b4f   Thumb Code    26  stm32f10x_tim.o(.text)
    TIM_OC3FastConfig                        0x08002b69   Thumb Code    18  stm32f10x_tim.o(.text)
    TIM_OC4FastConfig                        0x08002b7b   Thumb Code    26  stm32f10x_tim.o(.text)
    TIM_ClearOC1Ref                          0x08002b95   Thumb Code    18  stm32f10x_tim.o(.text)
    TIM_ClearOC2Ref                          0x08002ba7   Thumb Code    24  stm32f10x_tim.o(.text)
    TIM_ClearOC3Ref                          0x08002bbf   Thumb Code    18  stm32f10x_tim.o(.text)
    TIM_ClearOC4Ref                          0x08002bd1   Thumb Code    24  stm32f10x_tim.o(.text)
    TIM_OC1PolarityConfig                    0x08002be9   Thumb Code    18  stm32f10x_tim.o(.text)
    TIM_OC1NPolarityConfig                   0x08002bfb   Thumb Code    18  stm32f10x_tim.o(.text)
    TIM_OC2PolarityConfig                    0x08002c0d   Thumb Code    26  stm32f10x_tim.o(.text)
    TIM_OC2NPolarityConfig                   0x08002c27   Thumb Code    26  stm32f10x_tim.o(.text)
    TIM_OC3PolarityConfig                    0x08002c41   Thumb Code    26  stm32f10x_tim.o(.text)
    TIM_OC3NPolarityConfig                   0x08002c5b   Thumb Code    26  stm32f10x_tim.o(.text)
    TIM_OC4PolarityConfig                    0x08002c75   Thumb Code    26  stm32f10x_tim.o(.text)
    TIM_CCxCmd                               0x08002c8f   Thumb Code    30  stm32f10x_tim.o(.text)
    TIM_CCxNCmd                              0x08002cad   Thumb Code    30  stm32f10x_tim.o(.text)
    TIM_SelectOCxM                           0x08002ccb   Thumb Code    82  stm32f10x_tim.o(.text)
    TIM_UpdateDisableConfig                  0x08002d1d   Thumb Code    24  stm32f10x_tim.o(.text)
    TIM_UpdateRequestConfig                  0x08002d35   Thumb Code    24  stm32f10x_tim.o(.text)
    TIM_SelectHallSensor                     0x08002d4d   Thumb Code    24  stm32f10x_tim.o(.text)
    TIM_SelectOnePulseMode                   0x08002d65   Thumb Code    18  stm32f10x_tim.o(.text)
    TIM_SelectOutputTrigger                  0x08002d77   Thumb Code    18  stm32f10x_tim.o(.text)
    TIM_SelectSlaveMode                      0x08002d89   Thumb Code    18  stm32f10x_tim.o(.text)
    TIM_SelectMasterSlaveMode                0x08002d9b   Thumb Code    18  stm32f10x_tim.o(.text)
    TIM_SetCounter                           0x08002dad   Thumb Code     4  stm32f10x_tim.o(.text)
    TIM_SetAutoreload                        0x08002db1   Thumb Code     4  stm32f10x_tim.o(.text)
    TIM_SetCompare1                          0x08002db5   Thumb Code     4  stm32f10x_tim.o(.text)
    TIM_SetCompare2                          0x08002db9   Thumb Code     4  stm32f10x_tim.o(.text)
    TIM_SetCompare3                          0x08002dbd   Thumb Code     4  stm32f10x_tim.o(.text)
    TIM_SetCompare4                          0x08002dc1   Thumb Code     6  stm32f10x_tim.o(.text)
    TIM_SetClockDivision                     0x08002dc7   Thumb Code    18  stm32f10x_tim.o(.text)
    TIM_GetCapture1                          0x08002dd9   Thumb Code     6  stm32f10x_tim.o(.text)
    TIM_GetCapture2                          0x08002ddf   Thumb Code     6  stm32f10x_tim.o(.text)
    TIM_GetCapture3                          0x08002de5   Thumb Code     6  stm32f10x_tim.o(.text)
    TIM_GetCapture4                          0x08002deb   Thumb Code     8  stm32f10x_tim.o(.text)
    TIM_GetCounter                           0x08002df3   Thumb Code     6  stm32f10x_tim.o(.text)
    TIM_GetPrescaler                         0x08002df9   Thumb Code     6  stm32f10x_tim.o(.text)
    TIM_GetFlagStatus                        0x08002dff   Thumb Code    18  stm32f10x_tim.o(.text)
    TIM_ClearFlag                            0x08002e11   Thumb Code     6  stm32f10x_tim.o(.text)
    TIM_GetITStatus                          0x08002e17   Thumb Code    34  stm32f10x_tim.o(.text)
    TIM_ClearITPendingBit                    0x08002e39   Thumb Code     6  stm32f10x_tim.o(.text)
    USART_DeInit                             0x08002e41   Thumb Code   134  stm32f10x_usart.o(.text)
    USART_Init                               0x08002ec7   Thumb Code   210  stm32f10x_usart.o(.text)
    USART_StructInit                         0x08002f99   Thumb Code    24  stm32f10x_usart.o(.text)
    USART_ClockInit                          0x08002fb1   Thumb Code    34  stm32f10x_usart.o(.text)
    USART_ClockStructInit                    0x08002fd3   Thumb Code    12  stm32f10x_usart.o(.text)
    USART_Cmd                                0x08002fdf   Thumb Code    24  stm32f10x_usart.o(.text)
    USART_ITConfig                           0x08002ff7   Thumb Code    74  stm32f10x_usart.o(.text)
    USART_DMACmd                             0x08003041   Thumb Code    18  stm32f10x_usart.o(.text)
    USART_SetAddress                         0x08003053   Thumb Code    18  stm32f10x_usart.o(.text)
    USART_WakeUpConfig                       0x08003065   Thumb Code    18  stm32f10x_usart.o(.text)
    USART_ReceiverWakeUpCmd                  0x08003077   Thumb Code    24  stm32f10x_usart.o(.text)
    USART_LINBreakDetectLengthConfig         0x0800308f   Thumb Code    18  stm32f10x_usart.o(.text)
    USART_LINCmd                             0x080030a1   Thumb Code    24  stm32f10x_usart.o(.text)
    USART_SendData                           0x080030b9   Thumb Code     8  stm32f10x_usart.o(.text)
    USART_ReceiveData                        0x080030c1   Thumb Code    10  stm32f10x_usart.o(.text)
    USART_SendBreak                          0x080030cb   Thumb Code    10  stm32f10x_usart.o(.text)
    USART_SetGuardTime                       0x080030d5   Thumb Code    16  stm32f10x_usart.o(.text)
    USART_SetPrescaler                       0x080030e5   Thumb Code    16  stm32f10x_usart.o(.text)
    USART_SmartCardCmd                       0x080030f5   Thumb Code    24  stm32f10x_usart.o(.text)
    USART_SmartCardNACKCmd                   0x0800310d   Thumb Code    24  stm32f10x_usart.o(.text)
    USART_HalfDuplexCmd                      0x08003125   Thumb Code    24  stm32f10x_usart.o(.text)
    USART_OverSampling8Cmd                   0x0800313d   Thumb Code    22  stm32f10x_usart.o(.text)
    USART_OneBitMethodCmd                    0x08003153   Thumb Code    24  stm32f10x_usart.o(.text)
    USART_IrDAConfig                         0x0800316b   Thumb Code    18  stm32f10x_usart.o(.text)
    USART_IrDACmd                            0x0800317d   Thumb Code    24  stm32f10x_usart.o(.text)
    USART_GetFlagStatus                      0x08003195   Thumb Code    26  stm32f10x_usart.o(.text)
    USART_ClearFlag                          0x080031af   Thumb Code    18  stm32f10x_usart.o(.text)
    USART_GetITStatus                        0x080031c1   Thumb Code    84  stm32f10x_usart.o(.text)
    USART_ClearITPendingBit                  0x08003215   Thumb Code    52  stm32f10x_usart.o(.text)
    __use_two_region_memory                  0x08003249   Thumb Code     2  heapauxi.o(.text)
    __rt_heap_escrow$2region                 0x0800324b   Thumb Code     2  heapauxi.o(.text)
    __rt_heap_expand$2region                 0x0800324d   Thumb Code     2  heapauxi.o(.text)
    __user_setup_stackheap                   0x0800324f   Thumb Code    74  sys_stackheap_outer.o(.text)
    exit                                     0x08003299   Thumb Code    18  exit.o(.text)
    __user_libspace                          0x080032ad   Thumb Code     8  libspace.o(.text)
    __user_perproc_libspace                  0x080032ad   Thumb Code     0  libspace.o(.text)
    __user_perthread_libspace                0x080032ad   Thumb Code     0  libspace.o(.text)
    _sys_exit                                0x080032b5   Thumb Code     8  sys_exit.o(.text)
    __I$use$semihosting                      0x080032c1   Thumb Code     0  use_no_semi.o(.text)
    __use_no_semihosting_swi                 0x080032c1   Thumb Code     2  use_no_semi.o(.text)
    __semihosting_library_function           0x080032c3   Thumb Code     0  indicate_semi.o(.text)
    atk_mc2640_init_uxga_cfg                 0x080032c2   Data         356  ov2640_cfg.o(.constdata)
    atk_mc2640_init_svga_cfg                 0x08003426   Data         354  ov2640_cfg.o(.constdata)
    atk_mc2640_set_yuv422_cfg                0x08003588   Data          16  ov2640_cfg.o(.constdata)
    atk_mc2640_set_jpeg_cfg                  0x08003598   Data          14  ov2640_cfg.o(.constdata)
    atk_mc2640_set_rgb565_cfg                0x080035a6   Data          28  ov2640_cfg.o(.constdata)
    ov2640_uxga_cfg                          0x080035c2   Data           4  ov2640_cfg.o(.constdata)
    Region$$Table$$Base                      0x080035c8   Number         0  anon$$obj.o(Region$$Table)
    Region$$Table$$Limit                     0x080035e8   Number         0  anon$$obj.o(Region$$Table)
    Font8x16                                 0x20000000   Data        1520  oled_font.o(.data)
    SystemCoreClock                          0x200005f0   Data           4  system_stm32f10x.o(.data)
    AHBPrescTable                            0x200005f4   Data          16  system_stm32f10x.o(.data)
    jpeg_buffer                              0x20000618   Data       16384  main.o(.bss)
    __libspace_start                         0x20004618   Data          96  libspace.o(.bss)
    __temporary_stack_top$libspace           0x20004678   Data           0  libspace.o(.bss)



==============================================================================

Memory Map of the image

  Image Entry point : 0x080000ed

  Load Region LR_IROM1 (Base: 0x08000000, Size: 0x00003c00, Max: 0x00010000, ABSOLUTE, COMPRESSED[0x00003974])

    Execution Region ER_IROM1 (Exec base: 0x08000000, Load base: 0x08000000, Size: 0x000035e8, Max: 0x00010000, ABSOLUTE)

    Exec Addr    Load Addr    Size         Type   Attr      Idx    E Section Name        Object

    0x08000000   0x08000000   0x000000ec   Data   RO          408    RESET               startup_stm32f10x_md.o
    0x080000ec   0x080000ec   0x00000008   Code   RO          695  * !!!main             c_w.l(__main.o)
    0x080000f4   0x080000f4   0x00000034   Code   RO          856    !!!scatter          c_w.l(__scatter.o)
    0x08000128   0x08000128   0x0000005a   Code   RO          854    !!dczerorl2         c_w.l(__dczerorl2.o)
    0x08000182   0x08000182   0x00000002   PAD
    0x08000184   0x08000184   0x0000001c   Code   RO          858    !!handler_zi        c_w.l(__scatter_zi.o)
    0x080001a0   0x080001a0   0x00000002   Code   RO          722    .ARM.Collect$$libinit$$00000000  c_w.l(libinit.o)
    0x080001a2   0x080001a2   0x00000000   Code   RO          729    .ARM.Collect$$libinit$$00000002  c_w.l(libinit2.o)
    0x080001a2   0x080001a2   0x00000000   Code   RO          731    .ARM.Collect$$libinit$$00000004  c_w.l(libinit2.o)
    0x080001a2   0x080001a2   0x00000000   Code   RO          734    .ARM.Collect$$libinit$$0000000A  c_w.l(libinit2.o)
    0x080001a2   0x080001a2   0x00000000   Code   RO          736    .ARM.Collect$$libinit$$0000000C  c_w.l(libinit2.o)
    0x080001a2   0x080001a2   0x00000000   Code   RO          738    .ARM.Collect$$libinit$$0000000E  c_w.l(libinit2.o)
    0x080001a2   0x080001a2   0x00000000   Code   RO          741    .ARM.Collect$$libinit$$00000011  c_w.l(libinit2.o)
    0x080001a2   0x080001a2   0x00000000   Code   RO          743    .ARM.Collect$$libinit$$00000013  c_w.l(libinit2.o)
    0x080001a2   0x080001a2   0x00000000   Code   RO          745    .ARM.Collect$$libinit$$00000015  c_w.l(libinit2.o)
    0x080001a2   0x080001a2   0x00000000   Code   RO          747    .ARM.Collect$$libinit$$00000017  c_w.l(libinit2.o)
    0x080001a2   0x080001a2   0x00000000   Code   RO          749    .ARM.Collect$$libinit$$00000019  c_w.l(libinit2.o)
    0x080001a2   0x080001a2   0x00000000   Code   RO          751    .ARM.Collect$$libinit$$0000001B  c_w.l(libinit2.o)
    0x080001a2   0x080001a2   0x00000000   Code   RO          753    .ARM.Collect$$libinit$$0000001D  c_w.l(libinit2.o)
    0x080001a2   0x080001a2   0x00000000   Code   RO          755    .ARM.Collect$$libinit$$0000001F  c_w.l(libinit2.o)
    0x080001a2   0x080001a2   0x00000000   Code   RO          757    .ARM.Collect$$libinit$$00000021  c_w.l(libinit2.o)
    0x080001a2   0x080001a2   0x00000000   Code   RO          759    .ARM.Collect$$libinit$$00000023  c_w.l(libinit2.o)
    0x080001a2   0x080001a2   0x00000000   Code   RO          761    .ARM.Collect$$libinit$$00000025  c_w.l(libinit2.o)
    0x080001a2   0x080001a2   0x00000000   Code   RO          765    .ARM.Collect$$libinit$$0000002C  c_w.l(libinit2.o)
    0x080001a2   0x080001a2   0x00000000   Code   RO          767    .ARM.Collect$$libinit$$0000002E  c_w.l(libinit2.o)
    0x080001a2   0x080001a2   0x00000000   Code   RO          769    .ARM.Collect$$libinit$$00000030  c_w.l(libinit2.o)
    0x080001a2   0x080001a2   0x00000000   Code   RO          771    .ARM.Collect$$libinit$$00000032  c_w.l(libinit2.o)
    0x080001a2   0x080001a2   0x00000002   Code   RO          772    .ARM.Collect$$libinit$$00000033  c_w.l(libinit2.o)
    0x080001a4   0x080001a4   0x00000002   Code   RO          792    .ARM.Collect$$libshutdown$$00000000  c_w.l(libshutdown.o)
    0x080001a6   0x080001a6   0x00000000   Code   RO          805    .ARM.Collect$$libshutdown$$00000002  c_w.l(libshutdown2.o)
    0x080001a6   0x080001a6   0x00000000   Code   RO          807    .ARM.Collect$$libshutdown$$00000004  c_w.l(libshutdown2.o)
    0x080001a6   0x080001a6   0x00000000   Code   RO          809    .ARM.Collect$$libshutdown$$00000006  c_w.l(libshutdown2.o)
    0x080001a6   0x080001a6   0x00000000   Code   RO          812    .ARM.Collect$$libshutdown$$00000009  c_w.l(libshutdown2.o)
    0x080001a6   0x080001a6   0x00000000   Code   RO          815    .ARM.Collect$$libshutdown$$0000000C  c_w.l(libshutdown2.o)
    0x080001a6   0x080001a6   0x00000000   Code   RO          817    .ARM.Collect$$libshutdown$$0000000E  c_w.l(libshutdown2.o)
    0x080001a6   0x080001a6   0x00000000   Code   RO          820    .ARM.Collect$$libshutdown$$00000011  c_w.l(libshutdown2.o)
    0x080001a6   0x080001a6   0x00000002   Code   RO          821    .ARM.Collect$$libshutdown$$00000012  c_w.l(libshutdown2.o)
    0x080001a8   0x080001a8   0x00000000   Code   RO          697    .ARM.Collect$$rtentry$$00000000  c_w.l(__rtentry.o)
    0x080001a8   0x080001a8   0x00000000   Code   RO          699    .ARM.Collect$$rtentry$$00000002  c_w.l(__rtentry2.o)
    0x080001a8   0x080001a8   0x00000006   Code   RO          711    .ARM.Collect$$rtentry$$00000004  c_w.l(__rtentry4.o)
    0x080001ae   0x080001ae   0x00000000   Code   RO          701    .ARM.Collect$$rtentry$$00000009  c_w.l(__rtentry2.o)
    0x080001ae   0x080001ae   0x00000004   Code   RO          702    .ARM.Collect$$rtentry$$0000000A  c_w.l(__rtentry2.o)
    0x080001b2   0x080001b2   0x00000000   Code   RO          704    .ARM.Collect$$rtentry$$0000000C  c_w.l(__rtentry2.o)
    0x080001b2   0x080001b2   0x00000008   Code   RO          705    .ARM.Collect$$rtentry$$0000000D  c_w.l(__rtentry2.o)
    0x080001ba   0x080001ba   0x00000002   Code   RO          726    .ARM.Collect$$rtexit$$00000000  c_w.l(rtexit.o)
    0x080001bc   0x080001bc   0x00000000   Code   RO          774    .ARM.Collect$$rtexit$$00000002  c_w.l(rtexit2.o)
    0x080001bc   0x080001bc   0x00000004   Code   RO          775    .ARM.Collect$$rtexit$$00000003  c_w.l(rtexit2.o)
    0x080001c0   0x080001c0   0x00000006   Code   RO          776    .ARM.Collect$$rtexit$$00000004  c_w.l(rtexit2.o)
    0x080001c6   0x080001c6   0x00000002   PAD
    0x080001c8   0x080001c8   0x00000078   Code   RO            1    .text               main.o
    0x08000240   0x08000240   0x0000001e   Code   RO          126    .text               stm32f10x_it.o
    0x0800025e   0x0800025e   0x00000002   PAD
    0x08000260   0x08000260   0x0000006c   Code   RO          224    .text               systick.o
    0x080002cc   0x080002cc   0x0000049e   Code   RO          239    .text               oled.o
    0x0800076a   0x0800076a   0x00000002   PAD
    0x0800076c   0x0800076c   0x0000046c   Code   RO          270    .text               ov2640.o
    0x08000bd8   0x08000bd8   0x0000026c   Code   RO          310    .text               sccb.o
    0x08000e44   0x08000e44   0x000000a0   Code   RO          325    .text               uart.o
    0x08000ee4   0x08000ee4   0x000001c8   Code   RO          340    .text               swi2c.o
    0x080010ac   0x080010ac   0x000001e0   Code   RO          369    .text               system_stm32f10x.o
    0x0800128c   0x0800128c   0x00000040   Code   RO          409    .text               startup_stm32f10x_md.o
    0x080012cc   0x080012cc   0x00000254   Code   RO          509    .text               stm32f10x_dma.o
    0x08001520   0x08001520   0x0000035c   Code   RO          557    .text               stm32f10x_gpio.o
    0x0800187c   0x0800187c   0x00000404   Code   RO          569    .text               stm32f10x_i2c.o
    0x08001c80   0x08001c80   0x000003a4   Code   RO          605    .text               stm32f10x_rcc.o
    0x08002024   0x08002024   0x00000e1a   Code   RO          655    .text               stm32f10x_tim.o
    0x08002e3e   0x08002e3e   0x00000002   PAD
    0x08002e40   0x08002e40   0x00000408   Code   RO          667    .text               stm32f10x_usart.o
    0x08003248   0x08003248   0x00000006   Code   RO          693    .text               c_w.l(heapauxi.o)
    0x0800324e   0x0800324e   0x0000004a   Code   RO          713    .text               c_w.l(sys_stackheap_outer.o)
    0x08003298   0x08003298   0x00000012   Code   RO          715    .text               c_w.l(exit.o)
    0x080032aa   0x080032aa   0x00000002   PAD
    0x080032ac   0x080032ac   0x00000008   Code   RO          723    .text               c_w.l(libspace.o)
    0x080032b4   0x080032b4   0x0000000c   Code   RO          784    .text               c_w.l(sys_exit.o)
    0x080032c0   0x080032c0   0x00000002   Code   RO          795    .text               c_w.l(use_no_semi.o)
    0x080032c2   0x080032c2   0x00000000   Code   RO          797    .text               c_w.l(indicate_semi.o)
    0x080032c2   0x080032c2   0x00000304   Data   RO          295    .constdata          ov2640_cfg.o
    0x080035c6   0x080035c6   0x00000002   PAD
    0x080035c8   0x080035c8   0x00000020   Data   RO          852    Region$$Table       anon$$obj.o


    Execution Region RW_IRAM1 (Exec base: 0x20000000, Load base: 0x080035e8, Size: 0x00004c78, Max: 0x00005000, ABSOLUTE, COMPRESSED[0x0000038c])

    Exec Addr    Load Addr    Size         Type   Attr      Idx    E Section Name        Object

    0x20000000   COMPRESSED   0x000005f0   Data   RW          261    .data               oled_font.o
    0x200005f0   COMPRESSED   0x00000014   Data   RW          370    .data               system_stm32f10x.o
    0x20000604   COMPRESSED   0x00000014   Data   RW          606    .data               stm32f10x_rcc.o
    0x20000618        -       0x00004000   Zero   RW            2    .bss                main.o
    0x20004618        -       0x00000060   Zero   RW          724    .bss                c_w.l(libspace.o)
    0x20004678        -       0x00000200   Zero   RW          407    HEAP                startup_stm32f10x_md.o
    0x20004878        -       0x00000400   Zero   RW          406    STACK               startup_stm32f10x_md.o


==============================================================================

Image component sizes


      Code (inc. data)   RO Data    RW Data    ZI Data      Debug   Object Name

         0          0          0          0          0         32   core_cm3.o
       120         18          0          0      16384     264237   main.o
      1182         24          0          0          0       5859   oled.o
         0          0          0       1520          0        527   oled_font.o
      1132         36          0          0          0       4253   ov2640.o
         0          0        772          0          0        964   ov2640_cfg.o
       620          6          0          0          0       2484   sccb.o
        64         26        236          0       1536        812   startup_stm32f10x_md.o
       596          8          0          0          0       4298   stm32f10x_dma.o
       860         38          0          0          0       5673   stm32f10x_gpio.o
      1028         16          0          0          0       9159   stm32f10x_i2c.o
        30          0          0          0          0     265902   stm32f10x_it.o
       932         36          0         20          0       8832   stm32f10x_rcc.o
      3610         88          0          0          0      22780   stm32f10x_tim.o
      1032         22          0          0          0       8392   stm32f10x_usart.o
       456          0          0          0          0       2629   swi2c.o
       480         38          0         20          0       1819   system_stm32f10x.o
       108         10          0          0          0        860   systick.o
       160          8          0          0          0       1208   uart.o

    ----------------------------------------------------------------------
     12416        374       1042       1560      17920     610720   Object Totals
         0          0         32          0          0          0   (incl. Generated)
         6          0          2          0          0          0   (incl. Padding)

    ----------------------------------------------------------------------

      Code (inc. data)   RO Data    RW Data    ZI Data      Debug   Library Member Name

        90          0          0          0          0          0   __dczerorl2.o
         8          0          0          0          0         68   __main.o
         0          0          0          0          0          0   __rtentry.o
        12          0          0          0          0          0   __rtentry2.o
         6          0          0          0          0          0   __rtentry4.o
        52          8          0          0          0          0   __scatter.o
        28          0          0          0          0          0   __scatter_zi.o
        18          0          0          0          0         80   exit.o
         6          0          0          0          0        152   heapauxi.o
         0          0          0          0          0          0   indicate_semi.o
         2          0          0          0          0          0   libinit.o
         2          0          0          0          0          0   libinit2.o
         2          0          0          0          0          0   libshutdown.o
         2          0          0          0          0          0   libshutdown2.o
         8          4          0          0         96         68   libspace.o
         2          0          0          0          0          0   rtexit.o
        10          0          0          0          0          0   rtexit2.o
        12          4          0          0          0         68   sys_exit.o
        74          0          0          0          0         80   sys_stackheap_outer.o
         2          0          0          0          0         68   use_no_semi.o

    ----------------------------------------------------------------------
       342         16          0          0         96        584   Library Totals
         6          0          0          0          0          0   (incl. Padding)

    ----------------------------------------------------------------------

      Code (inc. data)   RO Data    RW Data    ZI Data      Debug   Library Name

       336         16          0          0         96        584   c_w.l

    ----------------------------------------------------------------------
       342         16          0          0         96        584   Library Totals

    ----------------------------------------------------------------------

==============================================================================


      Code (inc. data)   RO Data    RW Data    ZI Data      Debug   

     12758        390       1042       1560      18016     609896   Grand Totals
     12758        390       1042        908      18016     609896   ELF Image Totals (compressed)
     12758        390       1042        908          0          0   ROM Totals

==============================================================================

    Total RO  Size (Code + RO Data)                13800 (  13.48kB)
    Total RW  Size (RW Data + ZI Data)             19576 (  19.12kB)
    Total ROM Size (Code + RO Data + RW Data)      14708 (  14.36kB)

==============================================================================

